Component: ARM Compiler 5.06 update 7 (build 960) Tool: armlink [4d3601]

==============================================================================

Section Cross References

    startup_stm32g474xx.o(STACK) refers (Special) to heapauxi.o(.text) for __use_two_region_memory
    startup_stm32g474xx.o(HEAP) refers (Special) to heapauxi.o(.text) for __use_two_region_memory
    startup_stm32g474xx.o(RESET) refers (Special) to heapauxi.o(.text) for __use_two_region_memory
    startup_stm32g474xx.o(RESET) refers to startup_stm32g474xx.o(STACK) for __initial_sp
    startup_stm32g474xx.o(RESET) refers to startup_stm32g474xx.o(.text) for Reset_Handler
    startup_stm32g474xx.o(RESET) refers to stm32_mc_common_it.o(i.HardFault_Handler) for HardFault_Handler
    startup_stm32g474xx.o(RESET) refers to stm32_mc_common_it.o(i.SysTick_Handler) for SysTick_Handler
    startup_stm32g474xx.o(RESET) refers to stm32g4xx_mc_it.o(i.ADC1_2_IRQHandler) for ADC1_2_IRQHandler
    startup_stm32g474xx.o(RESET) refers to stm32g4xx_mc_it.o(i.TIM1_BRK_TIM15_IRQHandler) for TIM1_BRK_TIM15_IRQHandler
    startup_stm32g474xx.o(RESET) refers to stm32g4xx_mc_it.o(i.TIM1_UP_TIM16_IRQHandler) for TIM1_UP_TIM16_IRQHandler
    startup_stm32g474xx.o(RESET) refers to stm32_mc_common_it.o(i.USART2_IRQHandler) for USART2_IRQHandler
    startup_stm32g474xx.o(RESET) refers to stm32_mc_common_it.o(i.EXTI15_10_IRQHandler) for EXTI15_10_IRQHandler
    startup_stm32g474xx.o(.text) refers (Special) to heapauxi.o(.text) for __use_two_region_memory
    startup_stm32g474xx.o(.text) refers to system_stm32g4xx.o(i.SystemInit) for SystemInit
    startup_stm32g474xx.o(.text) refers to __main.o(!!!main) for __main
    startup_stm32g474xx.o(.text) refers to startup_stm32g474xx.o(HEAP) for Heap_Mem
    startup_stm32g474xx.o(.text) refers to startup_stm32g474xx.o(STACK) for Stack_Mem
    main.o(i.MX_ADC1_Init) refers to rt_memclr_w.o(.text) for __aeabi_memclr4
    main.o(i.MX_ADC1_Init) refers to stm32g4xx_hal_adc.o(i.HAL_ADC_Init) for HAL_ADC_Init
    main.o(i.MX_ADC1_Init) refers to stm32g4xx_hal_adc_ex.o(i.HAL_ADCEx_MultiModeConfigChannel) for HAL_ADCEx_MultiModeConfigChannel
    main.o(i.MX_ADC1_Init) refers to stm32g4xx_hal_adc_ex.o(i.HAL_ADCEx_InjectedConfigChannel) for HAL_ADCEx_InjectedConfigChannel
    main.o(i.MX_ADC1_Init) refers to main.o(.bss) for .bss
    main.o(i.MX_ADC2_Init) refers to rt_memclr_w.o(.text) for __aeabi_memclr4
    main.o(i.MX_ADC2_Init) refers to stm32g4xx_hal_adc.o(i.HAL_ADC_Init) for HAL_ADC_Init
    main.o(i.MX_ADC2_Init) refers to stm32g4xx_hal_adc.o(i.HAL_ADC_ConfigChannel) for HAL_ADC_ConfigChannel
    main.o(i.MX_ADC2_Init) refers to main.o(.bss) for .bss
    main.o(i.MX_GPIO_Init) refers to rt_memclr_w.o(.text) for __aeabi_memclr4
    main.o(i.MX_GPIO_Init) refers to stm32g4xx_hal_gpio.o(i.HAL_GPIO_WritePin) for HAL_GPIO_WritePin
    main.o(i.MX_GPIO_Init) refers to stm32g4xx_hal_gpio.o(i.HAL_GPIO_Init) for HAL_GPIO_Init
    main.o(i.MX_NVIC_Init) refers to stm32g4xx_hal_cortex.o(i.HAL_NVIC_SetPriority) for HAL_NVIC_SetPriority
    main.o(i.MX_NVIC_Init) refers to stm32g4xx_hal_cortex.o(i.HAL_NVIC_EnableIRQ) for HAL_NVIC_EnableIRQ
    main.o(i.MX_TIM1_Init) refers to rt_memclr_w.o(.text) for __aeabi_memclr4
    main.o(i.MX_TIM1_Init) refers to stm32g4xx_hal_tim.o(i.HAL_TIM_PWM_Init) for HAL_TIM_PWM_Init
    main.o(i.MX_TIM1_Init) refers to stm32g4xx_hal_tim_ex.o(i.HAL_TIMEx_MasterConfigSynchronization) for HAL_TIMEx_MasterConfigSynchronization
    main.o(i.MX_TIM1_Init) refers to stm32g4xx_hal_tim_ex.o(i.HAL_TIMEx_ConfigBreakInput) for HAL_TIMEx_ConfigBreakInput
    main.o(i.MX_TIM1_Init) refers to stm32g4xx_hal_tim.o(i.HAL_TIM_PWM_ConfigChannel) for HAL_TIM_PWM_ConfigChannel
    main.o(i.MX_TIM1_Init) refers to stm32g4xx_hal_tim_ex.o(i.HAL_TIMEx_ConfigBreakDeadTime) for HAL_TIMEx_ConfigBreakDeadTime
    main.o(i.MX_TIM1_Init) refers to stm32g4xx_hal_msp.o(i.HAL_TIM_MspPostInit) for HAL_TIM_MspPostInit
    main.o(i.MX_TIM1_Init) refers to main.o(.bss) for .bss
    main.o(i.MX_USART2_UART_Init) refers to stm32g4xx_hal_uart.o(i.HAL_UART_Init) for HAL_UART_Init
    main.o(i.MX_USART2_UART_Init) refers to stm32g4xx_hal_uart_ex.o(i.HAL_UARTEx_SetTxFifoThreshold) for HAL_UARTEx_SetTxFifoThreshold
    main.o(i.MX_USART2_UART_Init) refers to stm32g4xx_hal_uart_ex.o(i.HAL_UARTEx_SetRxFifoThreshold) for HAL_UARTEx_SetRxFifoThreshold
    main.o(i.MX_USART2_UART_Init) refers to stm32g4xx_hal_uart_ex.o(i.HAL_UARTEx_DisableFifoMode) for HAL_UARTEx_DisableFifoMode
    main.o(i.MX_USART2_UART_Init) refers to main.o(.bss) for .bss
    main.o(i.SystemClock_Config) refers to rt_memclr_w.o(.text) for __aeabi_memclr4
    main.o(i.SystemClock_Config) refers to stm32g4xx_hal_pwr_ex.o(i.HAL_PWREx_ControlVoltageScaling) for HAL_PWREx_ControlVoltageScaling
    main.o(i.SystemClock_Config) refers to stm32g4xx_hal_rcc.o(i.HAL_RCC_OscConfig) for HAL_RCC_OscConfig
[...]
    ASPEP_start                              0x08000aef   Thumb Code    40  aspep.o(i.ASPEP_start)
    Circle_Limitation                        0x08000b17   Thumb Code    88  circle_limitation.o(i.Circle_Limitation)
    EXTI15_10_IRQHandler                     0x08000be1   Thumb Code    22  stm32_mc_common_it.o(i.EXTI15_10_IRQHandler)
    Error_Handler                            0x08000bfd   Thumb Code     4  main.o(i.Error_Handler)
    FOC_CalcCurrRef                          0x08000c01   Thumb Code    48  mc_tasks_foc.o(i.FOC_CalcCurrRef)
    FOC_Clear                                0x08000c39   Thumb Code    72  mc_tasks_foc.o(i.FOC_Clear)
    FOC_HighFrequencyTask                    0x08000d5d   Thumb Code   160  mc_tasks_foc.o(i.FOC_HighFrequencyTask)
    FOC_Init                                 0x08000e1d   Thumb Code   146  mc_tasks_foc.o(i.FOC_Init)
    FOC_InitAdditionalMethods                0x08000ef1   Thumb Code     2  mc_tasks_foc.o(i.FOC_InitAdditionalMethods)
    HAL_ADCEx_InjectedConfigChannel          0x08000ef5   Thumb Code  1320  stm32g4xx_hal_adc_ex.o(i.HAL_ADCEx_InjectedConfigChannel)
    HAL_ADCEx_MultiModeConfigChannel         0x08001451   Thumb Code   326  stm32g4xx_hal_adc_ex.o(i.HAL_ADCEx_MultiModeConfigChannel)
    HAL_ADC_ConfigChannel                    0x080015b1   Thumb Code  1062  stm32g4xx_hal_adc.o(i.HAL_ADC_ConfigChannel)
    HAL_ADC_Init                             0x08001a19   Thumb Code   510  stm32g4xx_hal_adc.o(i.HAL_ADC_Init)
    HAL_ADC_MspInit                          0x08001c49   Thumb Code   230  stm32g4xx_hal_msp.o(i.HAL_ADC_MspInit)
    HAL_CORDIC_Init                          0x08001d45   Thumb Code    52  stm32g4xx_hal_cordic.o(i.HAL_CORDIC_Init)
    HAL_CORDIC_MspInit                       0x08001d79   Thumb Code    30  stm32g4xx_hal_msp.o(i.HAL_CORDIC_MspInit)
    HAL_DMA_Init                             0x08001da1   Thumb Code   182  stm32g4xx_hal_dma.o(i.HAL_DMA_Init)
    HAL_GPIO_Init                            0x08001e65   Thumb Code   532  stm32g4xx_hal_gpio.o(i.HAL_GPIO_Init)
    HAL_GPIO_WritePin                        0x08002099   Thumb Code    10  stm32g4xx_hal_gpio.o(i.HAL_GPIO_WritePin)
    HAL_GetTick                              0x080020a5   Thumb Code     6  stm32g4xx_hal.o(i.HAL_GetTick)
    HAL_IncTick                              0x080020b1   Thumb Code    12  stm32g4xx_hal.o(i.HAL_IncTick)
    HAL_Init                                 0x080020c1   Thumb Code    40  stm32g4xx_hal.o(i.HAL_Init)
    HAL_InitTick                             0x080020ed   Thumb Code    58  stm32g4xx_hal.o(i.HAL_InitTick)
    HAL_MspInit                              0x08002131   Thumb Code    50  stm32g4xx_hal_msp.o(i.HAL_MspInit)
    HAL_NVIC_EnableIRQ                       0x08002169   Thumb Code    26  stm32g4xx_hal_cortex.o(i.HAL_NVIC_EnableIRQ)
    HAL_NVIC_SetPriority                     0x08002185   Thumb Code    60  stm32g4xx_hal_cortex.o(i.HAL_NVIC_SetPriority)
    HAL_NVIC_SetPriorityGrouping             0x080021c5   Thumb Code    26  stm32g4xx_hal_cortex.o(i.HAL_NVIC_SetPriorityGrouping)
    HAL_NVIC_SystemReset                     0x080021e9   Thumb Code    26  stm32g4xx_hal_cortex.o(i.HAL_NVIC_SystemReset)
    HAL_PWREx_ControlVoltageScaling          0x0800220d   Thumb Code   174  stm32g4xx_hal_pwr_ex.o(i.HAL_PWREx_ControlVoltageScaling)
    HAL_PWREx_DisableUCPDDeadBattery         0x080022c9   Thumb Code    12  stm32g4xx_hal_pwr_ex.o(i.HAL_PWREx_DisableUCPDDeadBattery)
    HAL_RCCEx_PeriphCLKConfig                0x080022d9   Thumb Code   758  stm32g4xx_hal_rcc_ex.o(i.HAL_RCCEx_PeriphCLKConfig)
    HAL_RCC_ClockConfig                      0x080025d9   Thumb Code   444  stm32g4xx_hal_rcc.o(i.HAL_RCC_ClockConfig)
    HAL_RCC_EnableCSS                        0x080027b5   Thumb Code    12  stm32g4xx_hal_rcc.o(i.HAL_RCC_EnableCSS)
    HAL_RCC_GetHCLKFreq                      0x080027c5   Thumb Code     6  stm32g4xx_hal_rcc.o(i.HAL_RCC_GetHCLKFreq)
    HAL_RCC_GetPCLK1Freq                     0x080027d1   Thumb Code    24  stm32g4xx_hal_rcc.o(i.HAL_RCC_GetPCLK1Freq)
    HAL_RCC_GetPCLK2Freq                     0x080027f5   Thumb Code    24  stm32g4xx_hal_rcc.o(i.HAL_RCC_GetPCLK2Freq)
    HAL_RCC_GetSysClockFreq                  0x08002819   Thumb Code    98  stm32g4xx_hal_rcc.o(i.HAL_RCC_GetSysClockFreq)
    HAL_RCC_OscConfig                        0x08002889   Thumb Code  1028  stm32g4xx_hal_rcc.o(i.HAL_RCC_OscConfig)
    HAL_SYSTICK_Callback                     0x08002c8d   Thumb Code     2  stm32g4xx_hal_cortex.o(i.HAL_SYSTICK_Callback)
    HAL_SYSTICK_Config                       0x08002c8f   Thumb Code    40  stm32g4xx_hal_cortex.o(i.HAL_SYSTICK_Config)
    HAL_SYSTICK_IRQHandler                   0x08002cb7   Thumb Code     8  stm32g4xx_hal_cortex.o(i.HAL_SYSTICK_IRQHandler)
    HAL_TIMEx_ConfigBreakDeadTime            0x08002cc1   Thumb Code   154  stm32g4xx_hal_tim_ex.o(i.HAL_TIMEx_ConfigBreakDeadTime)
    HAL_TIMEx_ConfigBreakInput               0x08002d69   Thumb Code   234  stm32g4xx_hal_tim_ex.o(i.HAL_TIMEx_ConfigBreakInput)
    HAL_TIMEx_MasterConfigSynchronization    0x08002e55   Thumb Code   150  stm32g4xx_hal_tim_ex.o(i.HAL_TIMEx_MasterConfigSynchronization)
    HAL_TIM_MspPostInit                      0x08002f0d   Thumb Code    72  stm32g4xx_hal_msp.o(i.HAL_TIM_MspPostInit)
    HAL_TIM_PWM_ConfigChannel                0x08002f5d   Thumb Code   292  stm32g4xx_hal_tim.o(i.HAL_TIM_PWM_ConfigChannel)
    HAL_TIM_PWM_Init                         0x08003081   Thumb Code    98  stm32g4xx_hal_tim.o(i.HAL_TIM_PWM_Init)
    HAL_TIM_PWM_MspInit                      0x080030e5   Thumb Code    92  stm32g4xx_hal_msp.o(i.HAL_TIM_PWM_MspInit)
    HAL_UARTEx_DisableFifoMode               0x08003149   Thumb Code    62  stm32g4xx_hal_uart_ex.o(i.HAL_UARTEx_DisableFifoMode)
    HAL_UARTEx_SetRxFifoThreshold            0x08003187   Thumb Code    76  stm32g4xx_hal_uart_ex.o(i.HAL_UARTEx_SetRxFifoThreshold)
    HAL_UARTEx_SetTxFifoThreshold            0x080031d3   Thumb Code    76  stm32g4xx_hal_uart_ex.o(i.HAL_UARTEx_SetTxFifoThreshold)
    HAL_UART_Init                            0x0800321f   Thumb Code   106  stm32g4xx_hal_uart.o(i.HAL_UART_Init)
    HAL_UART_MspInit                         0x08003289   Thumb Code   202  stm32g4xx_hal_msp.o(i.HAL_UART_MspInit)
    HF_GetIDSize                             0x08003369   Thumb Code    34  hf_registers.o(i.HF_GetIDSize)
    HF_GetPtrReg                             0x0800338d   Thumb Code   280  hf_registers.o(i.HF_GetPtrReg)
    HardFault_Handler                        0x080034c9   Thumb Code     6  stm32_mc_common_it.o(i.HardFault_Handler)
    MCI_Clear_Iqdref                         0x08003751   Thumb Code    16  mc_interface.o(i.MCI_Clear_Iqdref)
    MCI_ExecBufferedCommands                 0x08003761   Thumb Code   104  mc_interface.o(i.MCI_ExecBufferedCommands)
    MCI_ExecSpeedRamp                        0x080037c9   Thumb Code    16  mc_interface.o(i.MCI_ExecSpeedRamp)
    MCI_ExecTorqueRamp                       0x080037d9   Thumb Code    18  mc_interface.o(i.MCI_ExecTorqueRamp)
    MCI_FaultAcknowledged                    0x080037eb   Thumb Code    36  mc_interface.o(i.MCI_FaultAcknowledged)
    MCI_FaultProcessing                      0x0800380f   Thumb Code    16  mc_interface.o(i.MCI_FaultProcessing)
    MCI_GetAvrgMecSpeedUnit                  0x0800381f   Thumb Code     8  mc_interface.o(i.MCI_GetAvrgMecSpeedUnit)
    MCI_GetControlMode                       0x08003827   Thumb Code     4  mc_interface.o(i.MCI_GetControlMode)
    MCI_GetCurrentFaults                     0x0800382b   Thumb Code     4  mc_interface.o(i.MCI_GetCurrentFaults)
    MCI_GetFaultState                        0x0800382f   Thumb Code    10  mc_interface.o(i.MCI_GetFaultState)
    MCI_GetIab                               0x08003839   Thumb Code     6  mc_interface.o(i.MCI_GetIab)
    MCI_GetIalphabeta                        0x0800383f   Thumb Code     6  mc_interface.o(i.MCI_GetIalphabeta)
    MCI_GetImposedMotorDirection             0x08003845   Thumb Code    46  mc_interface.o(i.MCI_GetImposedMotorDirection)
    MCI_GetIqd                               0x08003873   Thumb Code     6  mc_interface.o(i.MCI_GetIqd)
    MCI_GetIqdref                            0x08003879   Thumb Code     6  mc_interface.o(i.MCI_GetIqdref)
    MCI_GetLastRampFinalDuration             0x0800387f   Thumb Code     4  mc_interface.o(i.MCI_GetLastRampFinalDuration)
    MCI_GetLastRampFinalSpeed                0x08003883   Thumb Code     6  mc_interface.o(i.MCI_GetLastRampFinalSpeed)
    MCI_GetLastRampFinalTorque               0x08003889   Thumb Code     6  mc_interface.o(i.MCI_GetLastRampFinalTorque)
    MCI_GetMecSpeedRefUnit                   0x0800388f   Thumb Code     6  mc_interface.o(i.MCI_GetMecSpeedRefUnit)
    MCI_GetOccurredFaults                    0x08003895   Thumb Code     4  mc_interface.o(i.MCI_GetOccurredFaults)
    MCI_GetSTMState                          0x08003899   Thumb Code     4  mc_interface.o(i.MCI_GetSTMState)
    MCI_GetTeref                             0x0800389d   Thumb Code     8  mc_interface.o(i.MCI_GetTeref)
    MCI_GetValphabeta                        0x080038a5   Thumb Code     8  mc_interface.o(i.MCI_GetValphabeta)
    MCI_GetVqd                               0x080038ad   Thumb Code     8  mc_interface.o(i.MCI_GetVqd)
    MCI_SetCurrentReferences                 0x080038b5   Thumb Code    20  mc_interface.o(i.MCI_SetCurrentReferences)
    MCI_StartMotor                           0x080038c9   Thumb Code    40  mc_interface.o(i.MCI_StartMotor)
    MCI_StopMotor                            0x080038f1   Thumb Code    52  mc_interface.o(i.MCI_StopMotor)
    MCI_StopRamp                             0x08003925   Thumb Code    10  mc_interface.o(i.MCI_StopRamp)
    MCM_Clarke                               0x08003931   Thumb Code    68  mc_math.o(i.MCM_Clarke)
    MCM_Park                                 0x08003979   Thumb Code   120  mc_math.o(i.MCM_Park)
    MCM_Rev_Park                             0x080039f5   Thumb Code    52  mc_math.o(i.MCM_Rev_Park)
    MCM_Sqrt                                 0x08003a29   Thumb Code    28  mc_math.o(i.MCM_Sqrt)
    MCM_Trig_Functions                       0x08003a49   Thumb Code    18  mc_math.o(i.MCM_Trig_Functions)
    MCPA_cfgLog                              0x08003a65   Thumb Code   178  mcpa.o(i.MCPA_cfgLog)
    MCPA_dataLog                             0x08003b19   Thumb Code   364  mcpa.o(i.MCPA_dataLog)
    MCP_ReceivedPacket                       0x08003cbd   Thumb Code   294  mcp.o(i.MCP_ReceivedPacket)
    MC_APP_BootHook                          0x08003ded   Thumb Code     2  mc_app_hooks.o(i.MC_APP_BootHook)
    MC_APP_PostMediumFrequencyHook_M1        0x08003def   Thumb Code     2  mc_app_hooks.o(i.MC_APP_PostMediumFrequencyHook_M1)
    MC_GetSTMStateMotor1                     0x08003df1   Thumb Code     8  mc_api.o(i.MC_GetSTMStateMotor1)
    MC_ProfilerCommand                       0x08003dfd   Thumb Code     4  mc_api.o(i.MC_ProfilerCommand)
    MC_RunMotorControlTasks                  0x08003e01   Thumb Code   104  mc_tasks.o(i.MC_RunMotorControlTasks)
    MC_StartMotor1                           0x08003e71   Thumb Code     8  mc_api.o(i.MC_StartMotor1)
    MC_StopMotor1                            0x08003e7d   Thumb Code     8  mc_api.o(i.MC_StopMotor1)
    MCboot                                   0x08003e89   Thumb Code    76  mc_tasks.o(i.MCboot)
    MX_MotorControl_Init                     0x0800410d   Thumb Code    44  motorcontrol.o(i.MX_MotorControl_Init)
    NTC_CalcAvTemp                           0x08004329   Thumb Code    72  ntc_temperature_sensor.o(i.NTC_CalcAvTemp)
    NTC_GetAvTemp_C                          0x08004371   Thumb Code    30  ntc_temperature_sensor.o(i.NTC_GetAvTemp_C)
    NTC_Init                                 0x0800438f   Thumb Code    32  ntc_temperature_sensor.o(i.NTC_Init)
    PID_GetKD                                0x080043af   Thumb Code     6  pid_regulator.o(i.PID_GetKD)
    PID_GetKDDivisorPOW2                     0x080043b5   Thumb Code     4  pid_regulator.o(i.PID_GetKDDivisorPOW2)
    PID_GetKI                                0x080043b9   Thumb Code     6  pid_regulator.o(i.PID_GetKI)
    PID_GetKIDivisorPOW2                     0x080043bf   Thumb Code     4  pid_regulator.o(i.PID_GetKIDivisorPOW2)
    PID_GetKP                                0x080043c3   Thumb Code     6  pid_regulator.o(i.PID_GetKP)
    PID_GetKPDivisorPOW2                     0x080043c9   Thumb Code     4  pid_regulator.o(i.PID_GetKPDivisorPOW2)
    PID_HandleInit                           0x080043cd   Thumb Code    20  pid_regulator.o(i.PID_HandleInit)
    PID_SetIntegralTerm                      0x080043e1   Thumb Code     4  pid_regulator.o(i.PID_SetIntegralTerm)
    PID_SetKD                                0x080043e5   Thumb Code     4  pid_regulator.o(i.PID_SetKD)
    PID_SetKDDivisorPOW2                     0x080043e9   Thumb Code    10  pid_regulator.o(i.PID_SetKDDivisorPOW2)
    PID_SetKI                                0x080043f3   Thumb Code     4  pid_regulator.o(i.PID_SetKI)
    PID_SetKIDivisorPOW2                     0x080043f7   Thumb Code    32  pid_regulator.o(i.PID_SetKIDivisorPOW2)
    PID_SetKP                                0x08004417   Thumb Code     4  pid_regulator.o(i.PID_SetKP)
    PID_SetKPDivisorPOW2                     0x0800441b   Thumb Code    10  pid_regulator.o(i.PID_SetKPDivisorPOW2)
    PID_SetLowerIntegralTermLimit            0x08004425   Thumb Code     4  pid_regulator.o(i.PID_SetLowerIntegralTermLimit)
    PID_SetUpperIntegralTermLimit            0x08004429   Thumb Code     4  pid_regulator.o(i.PID_SetUpperIntegralTermLimit)
    PI_Controller                            0x0800442d   Thumb Code   124  pid_regulator.o(i.PI_Controller)
    PQD_CalcElMotorPower                     0x080044ad   Thumb Code    46  pqd_motor_power_measurement.o(i.PQD_CalcElMotorPower)
    PQD_GetAvrgElMotorPowerW                 0x080044db   Thumb Code    44  pqd_motor_power_measurement.o(i.PQD_GetAvrgElMotorPowerW)
    PWMC_CurrentReadingCalibr                0x08004507   Thumb Code    48  pwm_curr_fdbk.o(i.PWMC_CurrentReadingCalibr)
    PWMC_DP_Handler                          0x08004537   Thumb Code    20  pwm_curr_fdbk.o(i.PWMC_DP_Handler)
    PWMC_IsFaultOccurred                     0x0800454b   Thumb Code    54  pwm_curr_fdbk.o(i.PWMC_IsFaultOccurred)
    PWMC_OVP_Handler                         0x08004581   Thumb Code    22  pwm_curr_fdbk.o(i.PWMC_OVP_Handler)
    PWMC_SetPhaseVoltage                     0x08004597   Thumb Code   546  pwm_curr_fdbk.o(i.PWMC_SetPhaseVoltage)
    PWMC_SwitchOffPWM                        0x080047b9   Thumb Code     4  pwm_curr_fdbk.o(i.PWMC_SwitchOffPWM)
    PWMC_SwitchOnPWM                         0x080047bd   Thumb Code     4  pwm_curr_fdbk.o(i.PWMC_SwitchOnPWM)
    R3_1_CurrentReadingPolarization          0x08004881   Thumb Code   310  r3_1_g4xx_pwm_curr_fdbk.o(i.R3_1_CurrentReadingPolarization)
    R3_1_GetOffsetCalib                      0x080049c5   Thumb Code    16  r3_1_g4xx_pwm_curr_fdbk.o(i.R3_1_GetOffsetCalib)
    R3_1_GetPhaseCurrents                    0x080049d5   Thumb Code   234  r3_1_g4xx_pwm_curr_fdbk.o(i.R3_1_GetPhaseCurrents)
    R3_1_Init                                0x08004b41   Thumb Code   356  r3_1_g4xx_pwm_curr_fdbk.o(i.R3_1_Init)
    R3_1_RLDetectionModeDisable              0x08004cad   Thumb Code   216  r3_1_g4xx_pwm_curr_fdbk.o(i.R3_1_RLDetectionModeDisable)
    R3_1_RLDetectionModeEnable               0x08004d95   Thumb Code   180  r3_1_g4xx_pwm_curr_fdbk.o(i.R3_1_RLDetectionModeEnable)
    R3_1_RLDetectionModeSetDuty              0x08004e59   Thumb Code    96  r3_1_g4xx_pwm_curr_fdbk.o(i.R3_1_RLDetectionModeSetDuty)
    R3_1_RLTurnOnLowSidesAndStart            0x08004fd3   Thumb Code   164  r3_1_g4xx_pwm_curr_fdbk.o(i.R3_1_RLTurnOnLowSidesAndStart)
    R3_1_SetADCSampPointPolarization         0x08005077   Thumb Code    20  r3_1_g4xx_pwm_curr_fdbk.o(i.R3_1_SetADCSampPointPolarization)
    R3_1_SetADCSampPointSectX                0x0800508b   Thumb Code    96  r3_1_g4xx_pwm_curr_fdbk.o(i.R3_1_SetADCSampPointSectX)
    R3_1_SetOffsetCalib                      0x08005159   Thumb Code    22  r3_1_g4xx_pwm_curr_fdbk.o(i.R3_1_SetOffsetCalib)
    R3_1_SwitchOffPWM                        0x0800516f   Thumb Code    62  r3_1_g4xx_pwm_curr_fdbk.o(i.R3_1_SwitchOffPWM)
    R3_1_SwitchOnPWM                         0x080051ad   Thumb Code   202  r3_1_g4xx_pwm_curr_fdbk.o(i.R3_1_SwitchOnPWM)
    R3_1_TIMx_UP_IRQHandler                  0x0800536f   Thumb Code   124  r3_1_g4xx_pwm_curr_fdbk.o(i.R3_1_TIMx_UP_IRQHandler)
    R3_1_TurnOnLowSides                      0x080053eb   Thumb Code   116  r3_1_g4xx_pwm_curr_fdbk.o(i.R3_1_TurnOnLowSides)
    RCM_ExecNextConv                         0x08005489   Thumb Code    96  regular_conversion_manager.o(i.RCM_ExecNextConv)
    RCM_ReadOngoingConv                      0x080054f9   Thumb Code    60  regular_conversion_manager.o(i.RCM_ReadOngoingConv)
    RCM_RegisterRegConv                      0x0800553d   Thumb Code   192  regular_conversion_manager.o(i.RCM_RegisterRegConv)
    REMNG_Calc                               0x08005611   Thumb Code    44  ramp_ext_mngr.o(i.REMNG_Calc)
    REMNG_ExecRamp                           0x0800563d   Thumb Code   132  ramp_ext_mngr.o(i.REMNG_ExecRamp)
    REMNG_Init                               0x080056c1   Thumb Code    16  ramp_ext_mngr.o(i.REMNG_Init)
    REMNG_RampCompleted                      0x080056d1   Thumb Code    14  ramp_ext_mngr.o(i.REMNG_RampCompleted)
    RI_GetRegCommandParser                   0x080056e1   Thumb Code   114  mcp.o(i.RI_GetRegCommandParser)
    RI_GetRegisterGlobal                     0x08005759   Thumb Code   168  sync_registers.o(i.RI_GetRegisterGlobal)
    RI_GetRegisterMotor1                     0x0800580d   Thumb Code  1432  sync_registers.o(i.RI_GetRegisterMotor1)
    RI_MovString                             0x08005db9   Thumb Code    48  sync_registers.o(i.RI_MovString)
    RI_SetRegCommandParser                   0x08005de9   Thumb Code   174  mcp.o(i.RI_SetRegCommandParser)
    RI_SetRegisterGlobal                     0x08005e9d   Thumb Code   178  sync_registers.o(i.RI_SetRegisterGlobal)
    RI_SetRegisterMotor1                     0x08005f51   Thumb Code  1122  sync_registers.o(i.RI_SetRegisterMotor1)
    RUC_Clear                                0x080063bd   Thumb Code   150  revup_ctrl.o(i.RUC_Clear)
    RUC_Exec                                 0x08006453   Thumb Code   104  revup_ctrl.o(i.RUC_Exec)
    RUC_FirstAccelerationStageReached        0x080064bb   Thumb Code    20  revup_ctrl.o(i.RUC_FirstAccelerationStageReached)
    RUC_Init                                 0x080064cf   Thumb Code    80  revup_ctrl.o(i.RUC_Init)
    RVBS_CalcAvVbus                          0x0800651f   Thumb Code    88  r_divider_bus_voltage_sensor.o(i.RVBS_CalcAvVbus)
    RVBS_Init                                0x08006577   Thumb Code    12  r_divider_bus_voltage_sensor.o(i.RVBS_Init)
    SPD_GetAvrgMecSpeedUnit                  0x08006583   Thumb Code     6  speed_pos_fdbk.o(i.SPD_GetAvrgMecSpeedUnit)
    SPD_GetS16Speed                          0x08006589   Thumb Code     6  speed_pos_fdbk.o(i.SPD_GetS16Speed)
    SPD_IsMecSpeedReliable                   0x0800658f   Thumb Code    94  speed_pos_fdbk.o(i.SPD_IsMecSpeedReliable)
    STC_CalcTorqueReference                  0x080065ed   Thumb Code    82  speed_torq_ctrl.o(i.STC_CalcTorqueReference)
    STC_Clear                                0x0800663f   Thumb Code    24  speed_torq_ctrl.o(i.STC_Clear)
    STC_ExecRamp                             0x08006657   Thumb Code   130  speed_torq_ctrl.o(i.STC_ExecRamp)
    STC_ForceSpeedReferenceToCurrentSpeed    0x080066d9   Thumb Code    16  speed_torq_ctrl.o(i.STC_ForceSpeedReferenceToCurrentSpeed)
    STC_GetDefaultIqdref                     0x080066e9   Thumb Code    16  speed_torq_ctrl.o(i.STC_GetDefaultIqdref)
    STC_GetMecSpeedRefUnit                   0x080066f9   Thumb Code     6  speed_torq_ctrl.o(i.STC_GetMecSpeedRefUnit)
    STC_GetMecSpeedRefUnitDefault            0x080066ff   Thumb Code     6  speed_torq_ctrl.o(i.STC_GetMecSpeedRefUnitDefault)
    STC_Init                                 0x08006705   Thumb Code    32  speed_torq_ctrl.o(i.STC_Init)
    STC_SetControlMode                       0x08006725   Thumb Code     8  speed_torq_ctrl.o(i.STC_SetControlMode)
    STC_SetSpeedSensor                       0x0800672d   Thumb Code     4  speed_torq_ctrl.o(i.STC_SetSpeedSensor)
    STO_OTF_ResetPLL                         0x08006731   Thumb Code    10  sto_pll_speed_pos_fdbk.o(i.STO_OTF_ResetPLL)
    STO_PLL_CalcAvrgElSpeedDpp               0x0800673b   Thumb Code    74  sto_pll_speed_pos_fdbk.o(i.STO_PLL_CalcAvrgElSpeedDpp)
    STO_PLL_CalcAvrgMecSpeedUnit             0x08006785   Thumb Code   396  sto_pll_speed_pos_fdbk.o(i.STO_PLL_CalcAvrgMecSpeedUnit)
    STO_PLL_CalcElAngle                      0x08006915   Thumb Code   454  sto_pll_speed_pos_fdbk.o(i.STO_PLL_CalcElAngle)
    STO_PLL_Clear                            0x08006adb   Thumb Code    96  sto_pll_speed_pos_fdbk.o(i.STO_PLL_Clear)
    STO_PLL_ForceConvergency1                0x08006b3b   Thumb Code    10  sto_pll_speed_pos_fdbk.o(i.STO_PLL_ForceConvergency1)
    STO_PLL_ForceConvergency2                0x08006b45   Thumb Code    10  sto_pll_speed_pos_fdbk.o(i.STO_PLL_ForceConvergency2)
    STO_PLL_GetEstimatedBemf                 0x08006b4f   Thumb Code    18  sto_pll_speed_pos_fdbk.o(i.STO_PLL_GetEstimatedBemf)
    STO_PLL_GetEstimatedCurrent              0x08006b61   Thumb Code    24  sto_pll_speed_pos_fdbk.o(i.STO_PLL_GetEstimatedCurrent)
    STO_PLL_GetObserverGains                 0x08006b79   Thumb Code    10  sto_pll_speed_pos_fdbk.o(i.STO_PLL_GetObserverGains)
    STO_PLL_Init                             0x08006b85   Thumb Code    88  sto_pll_speed_pos_fdbk.o(i.STO_PLL_Init)
    STO_PLL_IsObserverConverged              0x08006be1   Thumb Code   162  sto_pll_speed_pos_fdbk.o(i.STO_PLL_IsObserverConverged)
    STO_PLL_IsVarianceTight                  0x08006c83   Thumb Code     8  sto_pll_speed_pos_fdbk.o(i.STO_PLL_IsVarianceTight)
    STO_PLL_SetObserverGains                 0x08006c8b   Thumb Code     6  sto_pll_speed_pos_fdbk.o(i.STO_PLL_SetObserverGains)
    SpeedFilter_Init                         0x08006c91   Thumb Code    96  speed_filter.o(i.SpeedFilter_Init)
    SpeedFilter_UpdateAll                    0x08006d01   Thumb Code   354  speed_filter.o(i.SpeedFilter_UpdateAll)
    SysTick_Handler                          0x08006e75   Thumb Code    56  stm32_mc_common_it.o(i.SysTick_Handler)
    SystemClock_Config                       0x08006eb9   Thumb Code   106  main.o(i.SystemClock_Config)
    SystemInit                               0x08006f25   Thumb Code    12  system_stm32g4xx.o(i.SystemInit)
    TIM1_BRK_TIM15_IRQHandler                0x08006f35   Thumb Code    54  stm32g4xx_mc_it.o(i.TIM1_BRK_TIM15_IRQHandler)
    TIM1_UP_TIM16_IRQHandler                 0x08006f75   Thumb Code    14  stm32g4xx_mc_it.o(i.TIM1_UP_TIM16_IRQHandler)
    TIM_Base_SetConfig                       0x08006f8d   Thumb Code   184  stm32g4xx_hal_tim.o(i.TIM_Base_SetConfig)
    TIM_OC2_SetConfig                        0x0800711d   Thumb Code   140  stm32g4xx_hal_tim.o(i.TIM_OC2_SetConfig)
    TSK_ChargeBootCapDelayHasElapsedM1       0x08007409   Thumb Code    14  mc_tasks.o(i.TSK_ChargeBootCapDelayHasElapsedM1)
    TSK_HardwareFaultTask                    0x0800741d   Thumb Code    22  mc_tasks.o(i.TSK_HardwareFaultTask)
    TSK_HighFrequencyTask                    0x08007439   Thumb Code    36  mc_tasks.o(i.TSK_HighFrequencyTask)
    TSK_MF_StopProcessing                    0x08007465   Thumb Code    54  mc_tasks_foc.o(i.TSK_MF_StopProcessing)
    TSK_MediumFrequencyTaskM1                0x080074a9   Thumb Code   634  mc_tasks_foc.o(i.TSK_MediumFrequencyTaskM1)
    TSK_SafetyTask                           0x0800774d   Thumb Code    18  mc_tasks.o(i.TSK_SafetyTask)
    TSK_SafetyTask_PWMOFF                    0x08007765   Thumb Code   114  mc_tasks.o(i.TSK_SafetyTask_PWMOFF)
    TSK_SetChargeBootCapDelayM1              0x080077f5   Thumb Code     6  mc_tasks.o(i.TSK_SetChargeBootCapDelayM1)
    TSK_SetStopPermanencyTimeM1              0x08007801   Thumb Code     6  mc_tasks.o(i.TSK_SetStopPermanencyTimeM1)
    TSK_StopPermanencyTimeHasElapsedM1       0x0800780d   Thumb Code    14  mc_tasks.o(i.TSK_StopPermanencyTimeHasElapsedM1)
    UART_AdvFeatureConfig                    0x08007865   Thumb Code   200  stm32g4xx_hal_uart.o(i.UART_AdvFeatureConfig)
    UART_CheckIdleState                      0x0800792d   Thumb Code   172  stm32g4xx_hal_uart.o(i.UART_CheckIdleState)
    UART_SetConfig                           0x08007a2d   Thumb Code   614  stm32g4xx_hal_uart.o(i.UART_SetConfig)
    UART_WaitOnFlagUntilTimeout              0x08007cc5   Thumb Code   148  stm32g4xx_hal_uart.o(i.UART_WaitOnFlagUntilTimeout)
    UASPEP_CFG_RECEPTION                     0x08007d59   Thumb Code    50  usart_aspep_driver.o(i.UASPEP_CFG_RECEPTION)
    UASPEP_CFG_TRANSMISSION                  0x08007d91   Thumb Code    46  usart_aspep_driver.o(i.UASPEP_CFG_TRANSMISSION)
    UASPEP_IDLE_ENABLE                       0x08007dc5   Thumb Code    26  usart_aspep_driver.o(i.UASPEP_IDLE_ENABLE)
    UASPEP_INIT                              0x08007ddf   Thumb Code    18  usart_aspep_driver.o(i.UASPEP_INIT)
    UASPEP_RX_INIT                           0x08007df1   Thumb Code    70  usart_aspep_driver.o(i.UASPEP_RX_INIT)
    UASPEP_TX_INIT                           0x08007e3d   Thumb Code    70  usart_aspep_driver.o(i.UASPEP_TX_INIT)
    UI_HandleStartStopButton_cb              0x08007e89   Thumb Code    24  mc_tasks.o(i.UI_HandleStartStopButton_cb)
    USART2_IRQHandler                        0x08007ea1   Thumb Code   230  stm32_mc_common_it.o(i.USART2_IRQHandler)
    VBS_GetAvBusVoltage_V                    0x08007f99   Thumb Code    10  bus_voltage_sensor.o(i.VBS_GetAvBusVoltage_V)
    VSS_CalcAvrgMecSpeedUnit                 0x08007fa3   Thumb Code   134  virtual_speed_sensor.o(i.VSS_CalcAvrgMecSpeedUnit)
    VSS_CalcElAngle                          0x08008029   Thumb Code   150  virtual_speed_sensor.o(i.VSS_CalcElAngle)
    VSS_Clear                                0x080080bf   Thumb Code    44  virtual_speed_sensor.o(i.VSS_Clear)
    VSS_Init                                 0x080080eb   Thumb Code     8  virtual_speed_sensor.o(i.VSS_Init)
    VSS_SetMecAcceleration                   0x080080f3   Thumb Code   122  virtual_speed_sensor.o(i.VSS_SetMecAcceleration)
    VSS_SetStartTransition                   0x0800816d   Thumb Code    28  virtual_speed_sensor.o(i.VSS_SetStartTransition)
    VSS_TransitionEnded                      0x08008189   Thumb Code     6  virtual_speed_sensor.o(i.VSS_TransitionEnded)
    getScalingFactor                         0x080081b1   Thumb Code    42  ramp_ext_mngr.o(i.getScalingFactor)
    main                                     0x080081dd   Thumb Code    92  main.o(i.main)
    mc_lock_pins                             0x08008245   Thumb Code   122  mc_tasks.o(i.mc_lock_pins)
    startTimers                              0x0800832d   Thumb Code   128  pwm_common.o(i.startTimers)
    waitForPolarizationEnd                   0x080083c1   Thumb Code    56  pwm_common.o(i.waitForPolarizationEnd)
    _fp_init                                 0x080083f9   Thumb Code    10  fpinit.o(x$fpl$fpinit)
    __fplib_config_fpu_vfp                   0x08008401   Thumb Code     0  fpinit.o(x$fpl$fpinit)
    __fplib_config_pureend_doubles           0x08008401   Thumb Code     0  fpinit.o(x$fpl$fpinit)
    R3_1_ParamsM1                            0x08008410   Data         104  mc_parameters.o(.constdata)
    CTL_BOARD                                0x08008490   Data          14  mc_configuration_registers.o(.constdata)
    FIRMWARE_NAME                            0x080084af   Data          20  mc_configuration_registers.o(.constdata)
    globalConfig_reg                         0x080084c3   Data          10  mc_configuration_registers.o(.constdata)
    UARTPrescTable                           0x08008638   Data          24  stm32g4xx_hal_uart.o(.constdata)
    AHBPrescTable                            0x08008660   Data          16  system_stm32g4xx.o(.constdata)
    APBPrescTable                            0x08008670   Data           8  system_stm32g4xx.o(.constdata)
    Region$$Table$$Base                      0x0800868c   Number         0  anon$$obj.o(Region$$Table)
    Region$$Table$$Limit                     0x080086ac   Number         0  anon$$obj.o(Region$$Table)
    pMCI                                     0x20000000   Data           4  motorcontrol.o(.data)
    PQD_MotorPowMeasM1                       0x20000004   Data          16  mc_config.o(.data)
    PIDSpeedHandle_M1                        0x20000014   Data          44  mc_config.o(.data)
    PIDIqHandle_M1                           0x20000040   Data          44  mc_config.o(.data)
    PIDIdHandle_M1                           0x2000006c   Data          44  mc_config.o(.data)
    SpeednTorqCtrlM1                         0x20000098   Data          56  mc_config.o(.data)
    RevUpControlM1                           0x200000d0   Data         120  mc_config.o(.data)
    PWM_Handle_M1                            0x20000148   Data         164  mc_config.o(.data)
    STO_PLL_M1                               0x200001ec   Data         296  mc_config.o(.data)
    STO_M1                                   0x20000314   Data          20  mc_config.o(.data)
    RampExtMngrHFParamsM1                    0x20000328   Data          24  mc_config.o(.data)
    CircleLimitationM1                       0x20000340   Data           4  mc_config.o(.data)
    pSTC                                     0x20000344   Data           4  mc_config.o(.data)
    pPIDIq                                   0x20000348   Data           4  mc_config.o(.data)
    pPIDId                                   0x2000034c   Data           4  mc_config.o(.data)
    pMPM                                     0x20000350   Data           4  mc_config.o(.data)
    Mci                                      0x20000354   Data          40  mc_config.o(.data)
    pREMNG                                   0x2000037c   Data           4  mc_config.o(.data)
    VirtualSpeedSensorM1                     0x20000380   Data          56  mc_config_common.o(.data)
    TempRegConv_M1                           0x200003b8   Data          16  mc_config_common.o(.data)
    TempSensor_M1                            0x200003c8   Data          24  mc_config_common.o(.data)
    VbusRegConv_M1                           0x200003e0   Data          16  mc_config_common.o(.data)
    BusVoltageSensor_M1                      0x200003f0   Data          18  mc_config_common.o(.data)
    pwmcHandle                               0x20000404   Data           4  mc_config_common.o(.data)
    aspepOverUartA                           0x2000041c   Data         116  mcp_config.o(.data)
    MCP_Over_UartA                           0x20000490   Data          16  mcp_config.o(.data)
    MCPA_UART_A                              0x200004a0   Data          44  mcp_config.o(.data)
    MCP_UserCallBack                         0x200004cc   Data           8  mcp_config.o(.data)
    AngleSpeedEstimation                     0x200004dc   Data          23  mc_tasks_foc.o(.data)
    scaleParams_M1                           0x200004f6   Data          16  mc_parameters.o(.data)
    PWR_BOARD_NAME                           0x20000508   Data           4  mc_configuration_registers.o(.data)
    FOCConfig_reg                            0x2000050c   Data           4  mc_configuration_registers.o(.data)
    MotorConfig_reg                          0x20000510   Data           4  mc_configuration_registers.o(.data)
    ApplicationConfig_reg                    0x20000514   Data           4  mc_configuration_registers.o(.data)
    log_cnt                                  0x2000051e   Data           2  speed_filter.o(.data)
    curRaw                                   0x20000522   Data           2  speed_filter.o(.data)
    curMavg                                  0x20000524   Data           2  speed_filter.o(.data)
    curLpf1                                  0x20000526   Data           2  speed_filter.o(.data)
    curKalm                                  0x20000528   Data           2  speed_filter.o(.data)
    curMed                                   0x2000052a   Data           2  speed_filter.o(.data)
    uwTickPrio                               0x2000053c   Data           4  stm32g4xx_hal.o(.data)
    uwTickFreq                               0x20000540   Data           4  stm32g4xx_hal.o(.data)
    uwTick                                   0x20000544   Data           4  stm32g4xx_hal.o(.data)
    SystemCoreClock                          0x20000548   Data           4  system_stm32g4xx.o(.data)
    GLOBAL_TIMESTAMP                         0x2000054c   Data           4  mcpa.o(.data)
    hadc1                                    0x20000550   Data         108  main.o(.bss)
    hadc2                                    0x200005bc   Data         108  main.o(.bss)
    hcordic                                  0x20000628   Data          40  main.o(.bss)
    htim1                                    0x20000650   Data          76  main.o(.bss)
    huart2                                   0x2000069c   Data         148  main.o(.bss)
    hdma_usart2_rx                           0x20000730   Data          96  main.o(.bss)
    hdma_usart2_tx                           0x20000790   Data          96  main.o(.bss)
    FOCVars                                  0x200007f0   Data          34  mc_config.o(.bss)
    log_raw                                  0x20001aa4   Data         100  speed_filter.o(.bss)
    log_mavg                                 0x20001b08   Data         100  speed_filter.o(.bss)
    log_lpf1                                 0x20001b6c   Data         100  speed_filter.o(.bss)
    log_kalm                                 0x20001bd0   Data         100  speed_filter.o(.bss)
    log_med                                  0x20001c34   Data         100  speed_filter.o(.bss)
    __libspace_start                         0x20001cb4   Data          96  libspace.o(.bss)
    __temporary_stack_top$libspace           0x20001d14   Data           0  libspace.o(.bss)



==============================================================================

Memory Map of the image

  Image Entry point : 0x080001d9

  Load Region LR_IROM1 (Base: 0x08000000, Size: 0x00008bfc, Max: 0x00080000, ABSOLUTE, COMPRESSED[0x000088b4])

    Execution Region ER_IROM1 (Exec base: 0x08000000, Load base: 0x08000000, Size: 0x000086ac, Max: 0x00080000, ABSOLUTE)

    Exec Addr    Load Addr    Size         Type   Attr      Idx    E Section Name        Object

    0x08000000   0x08000000   0x000001d8   Data   RO            3    RESET               startup_stm32g474xx.o
    0x080001d8   0x080001d8   0x00000008   Code   RO         7447  * !!!main             c_w.l(__main.o)
    0x080001e0   0x080001e0   0x00000034   Code   RO         7618    !!!scatter          c_w.l(__scatter.o)
    0x08000214   0x08000214   0x0000005a   Code   RO         7616    !!dczerorl2         c_w.l(__dczerorl2.o)
    0x0800026e   0x0800026e   0x00000002   PAD
    0x08000270   0x08000270   0x0000001c   Code   RO         7620    !!handler_zi        c_w.l(__scatter_zi.o)
    0x0800028c   0x0800028c   0x00000002   Code   RO         7484    .ARM.Collect$$libinit$$00000000  c_w.l(libinit.o)
    0x0800028e   0x0800028e   0x00000004   Code   RO         7496    .ARM.Collect$$libinit$$00000001  c_w.l(libinit2.o)
    0x08000292   0x08000292   0x00000000   Code   RO         7499    .ARM.Collect$$libinit$$00000004  c_w.l(libinit2.o)
    0x08000292   0x08000292   0x00000000   Code   RO         7502    .ARM.Collect$$libinit$$0000000A  c_w.l(libinit2.o)
    0x08000292   0x08000292   0x00000000   Code   RO         7504    .ARM.Collect$$libinit$$0000000C  c_w.l(libinit2.o)
    0x08000292   0x08000292   0x00000000   Code   RO         7506    .ARM.Collect$$libinit$$0000000E  c_w.l(libinit2.o)
    0x08000292   0x08000292   0x00000000   Code   RO         7509    .ARM.Collect$$libinit$$00000011  c_w.l(libinit2.o)
    0x08000292   0x08000292   0x00000000   Code   RO         7511    .ARM.Collect$$libinit$$00000013  c_w.l(libinit2.o)
    0x08000292   0x08000292   0x00000000   Code   RO         7513    .ARM.Collect$$libinit$$00000015  c_w.l(libinit2.o)
    0x08000292   0x08000292   0x00000000   Code   RO         7515    .ARM.Collect$$libinit$$00000017  c_w.l(libinit2.o)
    0x08000292   0x08000292   0x00000000   Code   RO         7517    .ARM.Collect$$libinit$$00000019  c_w.l(libinit2.o)
    0x08000292   0x08000292   0x00000000   Code   RO         7519    .ARM.Collect$$libinit$$0000001B  c_w.l(libinit2.o)
    0x08000292   0x08000292   0x00000000   Code   RO         7521    .ARM.Collect$$libinit$$0000001D  c_w.l(libinit2.o)
    0x08000292   0x08000292   0x00000000   Code   RO         7523    .ARM.Collect$$libinit$$0000001F  c_w.l(libinit2.o)
    0x08000292   0x08000292   0x00000000   Code   RO         7525    .ARM.Collect$$libinit$$00000021  c_w.l(libinit2.o)
    0x08000292   0x08000292   0x00000000   Code   RO         7527    .ARM.Collect$$libinit$$00000023  c_w.l(libinit2.o)
    0x08000292   0x08000292   0x00000000   Code   RO         7529    .ARM.Collect$$libinit$$00000025  c_w.l(libinit2.o)
    0x08000292   0x08000292   0x00000000   Code   RO         7533    .ARM.Collect$$libinit$$0000002C  c_w.l(libinit2.o)
    0x08000292   0x08000292   0x00000000   Code   RO         7535    .ARM.Collect$$libinit$$0000002E  c_w.l(libinit2.o)
    0x08000292   0x08000292   0x00000000   Code   RO         7537    .ARM.Collect$$libinit$$00000030  c_w.l(libinit2.o)
    0x08000292   0x08000292   0x00000000   Code   RO         7539    .ARM.Collect$$libinit$$00000032  c_w.l(libinit2.o)
    0x08000292   0x08000292   0x00000002   Code   RO         7540    .ARM.Collect$$libinit$$00000033  c_w.l(libinit2.o)
    0x08000294   0x08000294   0x00000002   Code   RO         7571    .ARM.Collect$$libshutdown$$00000000  c_w.l(libshutdown.o)
    0x08000296   0x08000296   0x00000000   Code   RO         7597    .ARM.Collect$$libshutdown$$00000002  c_w.l(libshutdown2.o)
    0x08000296   0x08000296   0x00000000   Code   RO         7599    .ARM.Collect$$libshutdown$$00000004  c_w.l(libshutdown2.o)
    0x08000296   0x08000296   0x00000000   Code   RO         7601    .ARM.Collect$$libshutdown$$00000006  c_w.l(libshutdown2.o)
    0x08000296   0x08000296   0x00000000   Code   RO         7604    .ARM.Collect$$libshutdown$$00000009  c_w.l(libshutdown2.o)
    0x08000296   0x08000296   0x00000000   Code   RO         7607    .ARM.Collect$$libshutdown$$0000000C  c_w.l(libshutdown2.o)
    0x08000296   0x08000296   0x00000000   Code   RO         7609    .ARM.Collect$$libshutdown$$0000000E  c_w.l(libshutdown2.o)
    0x08000296   0x08000296   0x00000000   Code   RO         7612    .ARM.Collect$$libshutdown$$00000011  c_w.l(libshutdown2.o)
    0x08000296   0x08000296   0x00000002   Code   RO         7613    .ARM.Collect$$libshutdown$$00000012  c_w.l(libshutdown2.o)
    0x08000298   0x08000298   0x00000000   Code   RO         7449    .ARM.Collect$$rtentry$$00000000  c_w.l(__rtentry.o)
    0x08000298   0x08000298   0x00000000   Code   RO         7455    .ARM.Collect$$rtentry$$00000002  c_w.l(__rtentry2.o)
    0x08000298   0x08000298   0x00000006   Code   RO         7467    .ARM.Collect$$rtentry$$00000004  c_w.l(__rtentry4.o)
    0x0800029e   0x0800029e   0x00000000   Code   RO         7457    .ARM.Collect$$rtentry$$00000009  c_w.l(__rtentry2.o)
    0x0800029e   0x0800029e   0x00000004   Code   RO         7458    .ARM.Collect$$rtentry$$0000000A  c_w.l(__rtentry2.o)
    0x080002a2   0x080002a2   0x00000000   Code   RO         7460    .ARM.Collect$$rtentry$$0000000C  c_w.l(__rtentry2.o)
    0x080002a2   0x080002a2   0x00000008   Code   RO         7461    .ARM.Collect$$rtentry$$0000000D  c_w.l(__rtentry2.o)
    0x080002aa   0x080002aa   0x00000002   Code   RO         7488    .ARM.Collect$$rtexit$$00000000  c_w.l(rtexit.o)
    0x080002ac   0x080002ac   0x00000000   Code   RO         7544    .ARM.Collect$$rtexit$$00000002  c_w.l(rtexit2.o)
    0x080002ac   0x080002ac   0x00000004   Code   RO         7545    .ARM.Collect$$rtexit$$00000003  c_w.l(rtexit2.o)
    0x080002b0   0x080002b0   0x00000006   Code   RO         7546    .ARM.Collect$$rtexit$$00000004  c_w.l(rtexit2.o)
    0x080002b6   0x080002b6   0x00000002   PAD
    0x080002b8   0x080002b8   0x00000040   Code   RO            4    .text               startup_stm32g474xx.o
    0x080002f8   0x080002f8   0x000000ee   Code   RO         7433    .text               c_w.l(lludivv7m.o)
    0x080003e6   0x080003e6   0x00000048   Code   RO         7435    .text               c_w.l(llsdiv.o)
    0x0800042e   0x0800042e   0x0000008a   Code   RO         7437    .text               c_w.l(rt_memcpy_v6.o)
    0x080004b8   0x080004b8   0x00000064   Code   RO         7439    .text               c_w.l(rt_memcpy_w.o)
    0x0800051c   0x0800051c   0x00000044   Code   RO         7441    .text               c_w.l(rt_memclr.o)
    0x08000560   0x08000560   0x0000004e   Code   RO         7443    .text               c_w.l(rt_memclr_w.o)
    0x080005ae   0x080005ae   0x00000006   Code   RO         7445    .text               c_w.l(heapauxi.o)
    0x080005b4   0x080005b4   0x0000004a   Code   RO         7471    .text               c_w.l(sys_stackheap_outer.o)
    0x080005fe   0x080005fe   0x00000012   Code   RO         7473    .text               c_w.l(exit.o)
    0x08000610   0x08000610   0x00000008   Code   RO         7485    .text               c_w.l(libspace.o)
    0x08000618   0x08000618   0x0000000c   Code   RO         7541    .text               c_w.l(sys_exit.o)
    0x08000624   0x08000624   0x00000002   Code   RO         7560    .text               c_w.l(use_no_semi.o)
    0x08000626   0x08000626   0x00000000   Code   RO         7562    .text               c_w.l(indicate_semi.o)
    0x08000626   0x08000626   0x0000000c   Code   RO         1929    i.ADC1_2_IRQHandler  stm32g4xx_mc_it.o
    0x08000632   0x08000632   0x0000007a   Code   RO         2261    i.ASPEP_CheckBeacon  aspep.o
    0x080006ac   0x080006ac   0x00000090   Code   RO         2262    i.ASPEP_HWDataReceivedIT  aspep.o
    0x0800073c   0x0800073c   0x00000094   Code   RO         2263    i.ASPEP_HWDataTransmittedIT  aspep.o
    0x080007d0   0x080007d0   0x00000018   Code   RO         2264    i.ASPEP_HWReset     aspep.o
    0x080007e8   0x080007e8   0x00000124   Code   RO         2265    i.ASPEP_RXframeProcess  aspep.o
    0x0800090c   0x0800090c   0x000000d0   Code   RO         2266    i.ASPEP_TXframeProcess  aspep.o
    0x080009dc   0x080009dc   0x00000054   Code   RO         2267    i.ASPEP_getBuffer   aspep.o
    0x08000a30   0x08000a30   0x00000032   Code   RO         2268    i.ASPEP_sendBeacon  aspep.o
    0x08000a62   0x08000a62   0x0000004e   Code   RO         2269    i.ASPEP_sendPacket  aspep.o
    0x08000ab0   0x08000ab0   0x0000003e   Code   RO         2270    i.ASPEP_sendPing    aspep.o
    0x08000aee   0x08000aee   0x00000028   Code   RO         2271    i.ASPEP_start       aspep.o
    0x08000b16   0x08000b16   0x00000058   Code   RO         6390    i.Circle_Limitation  circle_limitation.o
    0x08000b6e   0x08000b6e   0x00000002   PAD
    0x08000b70   0x08000b70   0x00000048   Code   RO         3858    i.DMA_CalcDMAMUXChannelBaseAndMask  stm32g4xx_hal_dma.o
    0x08000bb8   0x08000bb8   0x00000028   Code   RO         3859    i.DMA_CalcDMAMUXRequestGenBaseAndMask  stm32g4xx_hal_dma.o
    0x08000be0   0x08000be0   0x0000001c   Code   RO         1867    i.EXTI15_10_IRQHandler  stm32_mc_common_it.o
    0x08000bfc   0x08000bfc   0x00000004   Code   RO           13    i.Error_Handler     main.o
    0x08000c00   0x08000c00   0x00000038   Code   RO         1058    i.FOC_CalcCurrRef   mc_tasks_foc.o
    0x08000c38   0x08000c38   0x00000058   Code   RO         1059    i.FOC_Clear         mc_tasks_foc.o
    0x08000c90   0x08000c90   0x000000cc   Code   RO         1060    i.FOC_CurrControllerM1  mc_tasks_foc.o
    0x08000d5c   0x08000d5c   0x000000c0   Code   RO         1061    i.FOC_HighFrequencyTask  mc_tasks_foc.o
    0x08000e1c   0x08000e1c   0x000000d4   Code   RO         1062    i.FOC_Init          mc_tasks_foc.o
    0x08000ef0   0x08000ef0   0x00000002   Code   RO         1063    i.FOC_InitAdditionalMethods  mc_tasks_foc.o
    0x08000ef2   0x08000ef2   0x00000002   PAD
    0x08000ef4   0x08000ef4   0x0000055c   Code   RO         2788    i.HAL_ADCEx_InjectedConfigChannel  stm32g4xx_hal_adc_ex.o
    0x08001450   0x08001450   0x00000160   Code   RO         2799    i.HAL_ADCEx_MultiModeConfigChannel  stm32g4xx_hal_adc_ex.o
    0x080015b0   0x080015b0   0x00000468   Code   RO         2551    i.HAL_ADC_ConfigChannel  stm32g4xx_hal_adc.o
    0x08001a18   0x08001a18   0x00000230   Code   RO         2560    i.HAL_ADC_Init      stm32g4xx_hal_adc.o
    0x08001c48   0x08001c48   0x000000fc   Code   RO         2464    i.HAL_ADC_MspInit   stm32g4xx_hal_msp.o
    0x08001d44   0x08001d44   0x00000034   Code   RO         4528    i.HAL_CORDIC_Init   stm32g4xx_hal_cordic.o
    0x08001d78   0x08001d78   0x00000028   Code   RO         2466    i.HAL_CORDIC_MspInit  stm32g4xx_hal_msp.o
    0x08001da0   0x08001da0   0x000000c4   Code   RO         3867    i.HAL_DMA_Init      stm32g4xx_hal_dma.o
    0x08001e64   0x08001e64   0x00000234   Code   RO         3723    i.HAL_GPIO_Init     stm32g4xx_hal_gpio.o
    0x08002098   0x08002098   0x0000000a   Code   RO         3727    i.HAL_GPIO_WritePin  stm32g4xx_hal_gpio.o
    0x080020a2   0x080020a2   0x00000002   PAD
    0x080020a4   0x080020a4   0x0000000c   Code   RO         3002    i.HAL_GetTick       stm32g4xx_hal.o
    0x080020b0   0x080020b0   0x00000010   Code   RO         3008    i.HAL_IncTick       stm32g4xx_hal.o
    0x080020c0   0x080020c0   0x0000002c   Code   RO         3009    i.HAL_Init          stm32g4xx_hal.o
    0x080020ec   0x080020ec   0x00000044   Code   RO         3010    i.HAL_InitTick      stm32g4xx_hal.o
    0x08002130   0x08002130   0x00000038   Code   RO         2467    i.HAL_MspInit       stm32g4xx_hal_msp.o
    0x08002168   0x08002168   0x0000001a   Code   RO         4372    i.HAL_NVIC_EnableIRQ  stm32g4xx_hal_cortex.o
    0x08002182   0x08002182   0x00000002   PAD
    0x08002184   0x08002184   0x00000040   Code   RO         4378    i.HAL_NVIC_SetPriority  stm32g4xx_hal_cortex.o
    0x080021c4   0x080021c4   0x00000024   Code   RO         4379    i.HAL_NVIC_SetPriorityGrouping  stm32g4xx_hal_cortex.o
    0x080021e8   0x080021e8   0x00000024   Code   RO         4380    i.HAL_NVIC_SystemReset  stm32g4xx_hal_cortex.o
    0x0800220c   0x0800220c   0x000000bc   Code   RO         4126    i.HAL_PWREx_ControlVoltageScaling  stm32g4xx_hal_pwr_ex.o
    0x080022c8   0x080022c8   0x00000010   Code   RO         4138    i.HAL_PWREx_DisableUCPDDeadBattery  stm32g4xx_hal_pwr_ex.o
    0x080022d8   0x080022d8   0x00000300   Code   RO         3369    i.HAL_RCCEx_PeriphCLKConfig  stm32g4xx_hal_rcc_ex.o
    0x080025d8   0x080025d8   0x000001dc   Code   RO         3244    i.HAL_RCC_ClockConfig  stm32g4xx_hal_rcc.o
    0x080027b4   0x080027b4   0x00000010   Code   RO         3247    i.HAL_RCC_EnableCSS  stm32g4xx_hal_rcc.o
    0x080027c4   0x080027c4   0x0000000c   Code   RO         3250    i.HAL_RCC_GetHCLKFreq  stm32g4xx_hal_rcc.o
    0x080027d0   0x080027d0   0x00000024   Code   RO         3252    i.HAL_RCC_GetPCLK1Freq  stm32g4xx_hal_rcc.o
    0x080027f4   0x080027f4   0x00000024   Code   RO         3253    i.HAL_RCC_GetPCLK2Freq  stm32g4xx_hal_rcc.o
    0x08002818   0x08002818   0x00000070   Code   RO         3254    i.HAL_RCC_GetSysClockFreq  stm32g4xx_hal_rcc.o
    0x08002888   0x08002888   0x00000404   Code   RO         3257    i.HAL_RCC_OscConfig  stm32g4xx_hal_rcc.o
    0x08002c8c   0x08002c8c   0x00000002   Code   RO         4382    i.HAL_SYSTICK_Callback  stm32g4xx_hal_cortex.o
    0x08002c8e   0x08002c8e   0x00000028   Code   RO         4383    i.HAL_SYSTICK_Config  stm32g4xx_hal_cortex.o
    0x08002cb6   0x08002cb6   0x00000008   Code   RO         4384    i.HAL_SYSTICK_IRQHandler  stm32g4xx_hal_cortex.o
    0x08002cbe   0x08002cbe   0x00000002   PAD
    0x08002cc0   0x08002cc0   0x000000a8   Code   RO         5360    i.HAL_TIMEx_ConfigBreakDeadTime  stm32g4xx_hal_tim_ex.o
    0x08002d68   0x08002d68   0x000000ea   Code   RO         5361    i.HAL_TIMEx_ConfigBreakInput  stm32g4xx_hal_tim_ex.o
    0x08002e52   0x08002e52   0x00000002   PAD
    0x08002e54   0x08002e54   0x000000b8   Code   RO         5397    i.HAL_TIMEx_MasterConfigSynchronization  stm32g4xx_hal_tim_ex.o
    0x08002f0c   0x08002f0c   0x00000050   Code   RO         2468    i.HAL_TIM_MspPostInit  stm32g4xx_hal_msp.o
    0x08002f5c   0x08002f5c   0x00000124   Code   RO         4713    i.HAL_TIM_PWM_ConfigChannel  stm32g4xx_hal_tim.o
    0x08003080   0x08003080   0x00000062   Code   RO         4716    i.HAL_TIM_PWM_Init  stm32g4xx_hal_tim.o
    0x080030e2   0x080030e2   0x00000002   PAD
    0x080030e4   0x080030e4   0x00000064   Code   RO         2470    i.HAL_TIM_PWM_MspInit  stm32g4xx_hal_msp.o
    0x08003148   0x08003148   0x0000003e   Code   RO         6204    i.HAL_UARTEx_DisableFifoMode  stm32g4xx_hal_uart_ex.o
    0x08003186   0x08003186   0x0000004c   Code   RO         6213    i.HAL_UARTEx_SetRxFifoThreshold  stm32g4xx_hal_uart_ex.o
    0x080031d2   0x080031d2   0x0000004c   Code   RO         6214    i.HAL_UARTEx_SetTxFifoThreshold  stm32g4xx_hal_uart_ex.o
    0x0800321e   0x0800321e   0x0000006a   Code   RO         5813    i.HAL_UART_Init     stm32g4xx_hal_uart.o
    0x08003288   0x08003288   0x000000e0   Code   RO         2472    i.HAL_UART_MspInit  stm32g4xx_hal_msp.o
    0x08003368   0x08003368   0x00000022   Code   RO         1993    i.HF_GetIDSize      hf_registers.o
    0x0800338a   0x0800338a   0x00000002   PAD
    0x0800338c   0x0800338c   0x0000013c   Code   RO         1994    i.HF_GetPtrReg      hf_registers.o
    0x080034c8   0x080034c8   0x00000006   Code   RO         1868    i.HardFault_Handler  stm32_mc_common_it.o
    0x080034ce   0x080034ce   0x0000000c   Code   RO         2574    i.LL_ADC_GetOffsetChannel  stm32g4xx_hal_adc.o
    0x080034da   0x080034da   0x0000000c   Code   RO         2807    i.LL_ADC_GetOffsetChannel  stm32g4xx_hal_adc_ex.o
    0x080034e6   0x080034e6   0x00000008   Code   RO         2575    i.LL_ADC_INJ_IsConversionOngoing  stm32g4xx_hal_adc.o
    0x080034ee   0x080034ee   0x00000008   Code   RO         2808    i.LL_ADC_INJ_IsConversionOngoing  stm32g4xx_hal_adc_ex.o
    0x080034f6   0x080034f6   0x00000008   Code   RO         2576    i.LL_ADC_REG_IsConversionOngoing  stm32g4xx_hal_adc.o
    0x080034fe   0x080034fe   0x00000008   Code   RO         2809    i.LL_ADC_REG_IsConversionOngoing  stm32g4xx_hal_adc_ex.o
    0x08003506   0x08003506   0x0000000a   Code   RO         1390    i.LL_ADC_REG_ReadConversionData12L  regular_conversion_manager.o
    0x08003510   0x08003510   0x00000022   Code   RO         1391    i.LL_ADC_REG_SetSequencerRanks  regular_conversion_manager.o
    0x08003532   0x08003532   0x0000001e   Code   RO         2579    i.LL_ADC_SetChannelSamplingTime  stm32g4xx_hal_adc.o
    0x08003550   0x08003550   0x0000001e   Code   RO         2810    i.LL_ADC_SetChannelSamplingTime  stm32g4xx_hal_adc_ex.o
    0x0800356e   0x0800356e   0x00000010   Code   RO         2580    i.LL_ADC_SetOffsetState  stm32g4xx_hal_adc.o
    0x0800357e   0x0800357e   0x00000010   Code   RO         2811    i.LL_ADC_SetOffsetState  stm32g4xx_hal_adc_ex.o
    0x0800358e   0x0800358e   0x0000000e   Code   RO         1869    i.LL_DMA_ClearFlag_TC  stm32_mc_common_it.o
    0x0800359c   0x0800359c   0x00000014   Code   RO         2154    i.LL_DMA_EnableChannel  usart_aspep_driver.o
    0x080035b0   0x080035b0   0x00000018   Code   RO         2155    i.LL_DMA_SetDataLength  usart_aspep_driver.o
    0x080035c8   0x080035c8   0x00000012   Code   RO          947    i.LL_GPIO_LockPin   mc_tasks.o
    0x080035da   0x080035da   0x00000002   PAD
    0x080035dc   0x080035dc   0x00000074   Code   RO         7182    i.LL_TIM_OC_DisablePreload  r3_1_g4xx_pwm_curr_fdbk.o
    0x08003650   0x08003650   0x00000074   Code   RO         7183    i.LL_TIM_OC_EnablePreload  r3_1_g4xx_pwm_curr_fdbk.o
    0x080036c4   0x080036c4   0x0000007c   Code   RO         7184    i.LL_TIM_OC_SetMode  r3_1_g4xx_pwm_curr_fdbk.o
    0x08003740   0x08003740   0x00000010   Code   RO         7185    i.LL_TIM_SetTriggerOutput  r3_1_g4xx_pwm_curr_fdbk.o
    0x08003750   0x08003750   0x00000010   Code   RO         1514    i.MCI_Clear_Iqdref  mc_interface.o
    0x08003760   0x08003760   0x00000068   Code   RO         1515    i.MCI_ExecBufferedCommands  mc_interface.o
    0x080037c8   0x080037c8   0x00000010   Code   RO         1516    i.MCI_ExecSpeedRamp  mc_interface.o
    0x080037d8   0x080037d8   0x00000012   Code   RO         1518    i.MCI_ExecTorqueRamp  mc_interface.o
    0x080037ea   0x080037ea   0x00000024   Code   RO         1520    i.MCI_FaultAcknowledged  mc_interface.o
    0x0800380e   0x0800380e   0x00000010   Code   RO         1521    i.MCI_FaultProcessing  mc_interface.o
    0x0800381e   0x0800381e   0x00000008   Code   RO         1522    i.MCI_GetAvrgMecSpeedUnit  mc_interface.o
    0x08003826   0x08003826   0x00000004   Code   RO         1525    i.MCI_GetControlMode  mc_interface.o
    0x0800382a   0x0800382a   0x00000004   Code   RO         1526    i.MCI_GetCurrentFaults  mc_interface.o
    0x0800382e   0x0800382e   0x0000000a   Code   RO         1528    i.MCI_GetFaultState  mc_interface.o
    0x08003838   0x08003838   0x00000006   Code   RO         1529    i.MCI_GetIab        mc_interface.o
    0x0800383e   0x0800383e   0x00000006   Code   RO         1531    i.MCI_GetIalphabeta  mc_interface.o
    0x08003844   0x08003844   0x0000002e   Code   RO         1532    i.MCI_GetImposedMotorDirection  mc_interface.o
    0x08003872   0x08003872   0x00000006   Code   RO         1533    i.MCI_GetIqd        mc_interface.o
    0x08003878   0x08003878   0x00000006   Code   RO         1535    i.MCI_GetIqdref     mc_interface.o
    0x0800387e   0x0800387e   0x00000004   Code   RO         1537    i.MCI_GetLastRampFinalDuration  mc_interface.o
    0x08003882   0x08003882   0x00000006   Code   RO         1538    i.MCI_GetLastRampFinalSpeed  mc_interface.o
    0x08003888   0x08003888   0x00000006   Code   RO         1540    i.MCI_GetLastRampFinalTorque  mc_interface.o
    0x0800388e   0x0800388e   0x00000006   Code   RO         1542    i.MCI_GetMecSpeedRefUnit  mc_interface.o
    0x08003894   0x08003894   0x00000004   Code   RO         1544    i.MCI_GetOccurredFaults  mc_interface.o
    0x08003898   0x08003898   0x00000004   Code   RO         1547    i.MCI_GetSTMState   mc_interface.o
    0x0800389c   0x0800389c   0x00000008   Code   RO         1549    i.MCI_GetTeref      mc_interface.o
    0x080038a4   0x080038a4   0x00000008   Code   RO         1551    i.MCI_GetValphabeta  mc_interface.o
    0x080038ac   0x080038ac   0x00000008   Code   RO         1552    i.MCI_GetVqd        mc_interface.o
    0x080038b4   0x080038b4   0x00000014   Code   RO         1556    i.MCI_SetCurrentReferences  mc_interface.o
    0x080038c8   0x080038c8   0x00000028   Code   RO         1558    i.MCI_StartMotor    mc_interface.o
    0x080038f0   0x080038f0   0x00000034   Code   RO         1561    i.MCI_StopMotor     mc_interface.o
    0x08003924   0x08003924   0x0000000a   Code   RO         1562    i.MCI_StopRamp      mc_interface.o
    0x0800392e   0x0800392e   0x00000002   PAD
    0x08003930   0x08003930   0x00000048   Code   RO         1457    i.MCM_Clarke        mc_math.o
    0x08003978   0x08003978   0x0000007c   Code   RO         1458    i.MCM_Park          mc_math.o
    0x080039f4   0x080039f4   0x00000034   Code   RO         1459    i.MCM_Rev_Park      mc_math.o
    0x08003a28   0x08003a28   0x00000020   Code   RO         1460    i.MCM_Sqrt          mc_math.o
    0x08003a48   0x08003a48   0x0000001c   Code   RO         1461    i.MCM_Trig_Functions  mc_math.o
    0x08003a64   0x08003a64   0x000000b2   Code   RO         7387    i.MCPA_cfgLog       mcpa.o
    0x08003b16   0x08003b16   0x00000002   PAD
    0x08003b18   0x08003b18   0x00000170   Code   RO         7388    i.MCPA_dataLog      mcpa.o
    0x08003c88   0x08003c88   0x00000034   Code   RO         7390    i.MCPA_stopDataLog  mcpa.o
    0x08003cbc   0x08003cbc   0x00000130   Code   RO         2111    i.MCP_ReceivedPacket  mcp.o
    0x08003dec   0x08003dec   0x00000002   Code   RO         2345    i.MC_APP_BootHook   mc_app_hooks.o
    0x08003dee   0x08003dee   0x00000002   Code   RO         2346    i.MC_APP_PostMediumFrequencyHook_M1  mc_app_hooks.o
    0x08003df0   0x08003df0   0x0000000c   Code   RO          545    i.MC_GetSTMStateMotor1  mc_api.o
    0x08003dfc   0x08003dfc   0x00000004   Code   RO          552    i.MC_ProfilerCommand  mc_api.o
    0x08003e00   0x08003e00   0x00000070   Code   RO          948    i.MC_RunMotorControlTasks  mc_tasks.o
    0x08003e70   0x08003e70   0x0000000c   Code   RO          560    i.MC_StartMotor1    mc_api.o
    0x08003e7c   0x08003e7c   0x0000000c   Code   RO          562    i.MC_StopMotor1     mc_api.o
    0x08003e88   0x08003e88   0x00000070   Code   RO          949    i.MCboot            mc_tasks.o
    0x08003ef8   0x08003ef8   0x000000e0   Code   RO           14    i.MX_ADC1_Init      main.o
    0x08003fd8   0x08003fd8   0x00000098   Code   RO           15    i.MX_ADC2_Init      main.o
    0x08004070   0x08004070   0x0000009c   Code   RO           16    i.MX_GPIO_Init      main.o
    0x0800410c   0x0800410c   0x00000034   Code   RO          339    i.MX_MotorControl_Init  motorcontrol.o
    0x08004140   0x08004140   0x00000066   Code   RO           17    i.MX_NVIC_Init      main.o
    0x080041a6   0x080041a6   0x00000002   PAD
    0x080041a8   0x080041a8   0x0000011c   Code   RO           18    i.MX_TIM1_Init      main.o
    0x080042c4   0x080042c4   0x00000064   Code   RO           19    i.MX_USART2_UART_Init  main.o
    0x08004328   0x08004328   0x00000048   Code   RO         6447    i.NTC_CalcAvTemp    ntc_temperature_sensor.o
    0x08004370   0x08004370   0x0000001e   Code   RO         6448    i.NTC_GetAvTemp_C   ntc_temperature_sensor.o
    0x0800438e   0x0800438e   0x00000020   Code   RO         6449    i.NTC_Init          ntc_temperature_sensor.o
    0x080043ae   0x080043ae   0x00000006   Code   RO         6531    i.PID_GetKD         pid_regulator.o
    0x080043b4   0x080043b4   0x00000004   Code   RO         6533    i.PID_GetKDDivisorPOW2  pid_regulator.o
    0x080043b8   0x080043b8   0x00000006   Code   RO         6534    i.PID_GetKI         pid_regulator.o
    0x080043be   0x080043be   0x00000004   Code   RO         6536    i.PID_GetKIDivisorPOW2  pid_regulator.o
    0x080043c2   0x080043c2   0x00000006   Code   RO         6537    i.PID_GetKP         pid_regulator.o
    0x080043c8   0x080043c8   0x00000004   Code   RO         6539    i.PID_GetKPDivisorPOW2  pid_regulator.o
    0x080043cc   0x080043cc   0x00000014   Code   RO         6540    i.PID_HandleInit    pid_regulator.o
    0x080043e0   0x080043e0   0x00000004   Code   RO         6541    i.PID_SetIntegralTerm  pid_regulator.o
    0x080043e4   0x080043e4   0x00000004   Code   RO         6542    i.PID_SetKD         pid_regulator.o
    0x080043e8   0x080043e8   0x0000000a   Code   RO         6543    i.PID_SetKDDivisorPOW2  pid_regulator.o
    0x080043f2   0x080043f2   0x00000004   Code   RO         6544    i.PID_SetKI         pid_regulator.o
    0x080043f6   0x080043f6   0x00000020   Code   RO         6545    i.PID_SetKIDivisorPOW2  pid_regulator.o
    0x08004416   0x08004416   0x00000004   Code   RO         6546    i.PID_SetKP         pid_regulator.o
    0x0800441a   0x0800441a   0x0000000a   Code   RO         6547    i.PID_SetKPDivisorPOW2  pid_regulator.o
    0x08004424   0x08004424   0x00000004   Code   RO         6548    i.PID_SetLowerIntegralTermLimit  pid_regulator.o
    0x08004428   0x08004428   0x00000004   Code   RO         6550    i.PID_SetUpperIntegralTermLimit  pid_regulator.o
    0x0800442c   0x0800442c   0x00000080   Code   RO         6551    i.PI_Controller     pid_regulator.o
    0x080044ac   0x080044ac   0x0000002e   Code   RO         6690    i.PQD_CalcElMotorPower  pqd_motor_power_measurement.o
    0x080044da   0x080044da   0x0000002c   Code   RO         6692    i.PQD_GetAvrgElMotorPowerW  pqd_motor_power_measurement.o
    0x08004506   0x08004506   0x00000030   Code   RO         1183    i.PWMC_CurrentReadingCalibr  pwm_curr_fdbk.o
    0x08004536   0x08004536   0x00000014   Code   RO         1186    i.PWMC_DP_Handler   pwm_curr_fdbk.o
    0x0800454a   0x0800454a   0x00000036   Code   RO         1189    i.PWMC_IsFaultOccurred  pwm_curr_fdbk.o
    0x08004580   0x08004580   0x00000016   Code   RO         1193    i.PWMC_OVP_Handler  pwm_curr_fdbk.o
    0x08004596   0x08004596   0x00000222   Code   RO         1209    i.PWMC_SetPhaseVoltage  pwm_curr_fdbk.o
    0x080047b8   0x080047b8   0x00000004   Code   RO         1210    i.PWMC_SwitchOffPWM  pwm_curr_fdbk.o
    0x080047bc   0x080047bc   0x00000004   Code   RO         1211    i.PWMC_SwitchOnPWM  pwm_curr_fdbk.o
    0x080047c0   0x080047c0   0x000000c0   Code   RO         7186    i.R3_1_ADCxInit     r3_1_g4xx_pwm_curr_fdbk.o
    0x08004880   0x08004880   0x00000144   Code   RO         7187    i.R3_1_CurrentReadingPolarization  r3_1_g4xx_pwm_curr_fdbk.o
    0x080049c4   0x080049c4   0x00000010   Code   RO         7188    i.R3_1_GetOffsetCalib  r3_1_g4xx_pwm_curr_fdbk.o
    0x080049d4   0x080049d4   0x000000f0   Code   RO         7189    i.R3_1_GetPhaseCurrents  r3_1_g4xx_pwm_curr_fdbk.o
    0x08004ac4   0x08004ac4   0x00000044   Code   RO         7191    i.R3_1_HFCurrentsPolarizationAB  r3_1_g4xx_pwm_curr_fdbk.o
    0x08004b08   0x08004b08   0x00000038   Code   RO         7192    i.R3_1_HFCurrentsPolarizationC  r3_1_g4xx_pwm_curr_fdbk.o
    0x08004b40   0x08004b40   0x0000016c   Code   RO         7193    i.R3_1_Init         r3_1_g4xx_pwm_curr_fdbk.o
    0x08004cac   0x08004cac   0x000000e8   Code   RO         7194    i.R3_1_RLDetectionModeDisable  r3_1_g4xx_pwm_curr_fdbk.o
    0x08004d94   0x08004d94   0x000000c4   Code   RO         7195    i.R3_1_RLDetectionModeEnable  r3_1_g4xx_pwm_curr_fdbk.o
    0x08004e58   0x08004e58   0x00000064   Code   RO         7196    i.R3_1_RLDetectionModeSetDuty  r3_1_g4xx_pwm_curr_fdbk.o
    0x08004ebc   0x08004ebc   0x00000038   Code   RO         7197    i.R3_1_RLGetPhaseCurrents  r3_1_g4xx_pwm_curr_fdbk.o
    0x08004ef4   0x08004ef4   0x0000009a   Code   RO         7198    i.R3_1_RLSwitchOnPWM  r3_1_g4xx_pwm_curr_fdbk.o
    0x08004f8e   0x08004f8e   0x00000044   Code   RO         7199    i.R3_1_RLTurnOnLowSides  r3_1_g4xx_pwm_curr_fdbk.o
    0x08004fd2   0x08004fd2   0x000000a4   Code   RO         7200    i.R3_1_RLTurnOnLowSidesAndStart  r3_1_g4xx_pwm_curr_fdbk.o
    0x08005076   0x08005076   0x00000014   Code   RO         7201    i.R3_1_SetADCSampPointPolarization  r3_1_g4xx_pwm_curr_fdbk.o
    0x0800508a   0x0800508a   0x00000060   Code   RO         7202    i.R3_1_SetADCSampPointSectX  r3_1_g4xx_pwm_curr_fdbk.o
    0x080050ea   0x080050ea   0x00000002   PAD
    0x080050ec   0x080050ec   0x0000006c   Code   RO         7204    i.R3_1_SetAOReferenceVoltage  r3_1_g4xx_pwm_curr_fdbk.o
    0x08005158   0x08005158   0x00000016   Code   RO         7205    i.R3_1_SetOffsetCalib  r3_1_g4xx_pwm_curr_fdbk.o
    0x0800516e   0x0800516e   0x0000003e   Code   RO         7206    i.R3_1_SwitchOffPWM  r3_1_g4xx_pwm_curr_fdbk.o
    0x080051ac   0x080051ac   0x000000ca   Code   RO         7207    i.R3_1_SwitchOnPWM  r3_1_g4xx_pwm_curr_fdbk.o
    0x08005276   0x08005276   0x000000f8   Code   RO         7208    i.R3_1_TIMxInit     r3_1_g4xx_pwm_curr_fdbk.o
    0x0800536e   0x0800536e   0x0000007c   Code   RO         7209    i.R3_1_TIMx_UP_IRQHandler  r3_1_g4xx_pwm_curr_fdbk.o
    0x080053ea   0x080053ea   0x00000074   Code   RO         7210    i.R3_1_TurnOnLowSides  r3_1_g4xx_pwm_curr_fdbk.o
    0x0800545e   0x0800545e   0x00000002   PAD
    0x08005460   0x08005460   0x00000028   Code   RO         7211    i.R3_1_WriteTIMRegisters  r3_1_g4xx_pwm_curr_fdbk.o
    0x08005488   0x08005488   0x00000070   Code   RO         1392    i.RCM_ExecNextConv  regular_conversion_manager.o
    0x080054f8   0x080054f8   0x00000044   Code   RO         1394    i.RCM_ReadOngoingConv  regular_conversion_manager.o
    0x0800553c   0x0800553c   0x000000d4   Code   RO         1395    i.RCM_RegisterRegConv  regular_conversion_manager.o
    0x08005610   0x08005610   0x0000002c   Code   RO         6756    i.REMNG_Calc        ramp_ext_mngr.o
    0x0800563c   0x0800563c   0x00000084   Code   RO         6757    i.REMNG_ExecRamp    ramp_ext_mngr.o
    0x080056c0   0x080056c0   0x00000010   Code   RO         6759    i.REMNG_Init        ramp_ext_mngr.o
    0x080056d0   0x080056d0   0x0000000e   Code   RO         6760    i.REMNG_RampCompleted  ramp_ext_mngr.o
    0x080056de   0x080056de   0x00000002   PAD
    0x080056e0   0x080056e0   0x00000078   Code   RO         2113    i.RI_GetRegCommandParser  mcp.o
    0x08005758   0x08005758   0x000000b4   Code   RO         2027    i.RI_GetRegisterGlobal  sync_registers.o
    0x0800580c   0x0800580c   0x000005ac   Code   RO         2028    i.RI_GetRegisterMotor1  sync_registers.o
    0x08005db8   0x08005db8   0x00000030   Code   RO         2029    i.RI_MovString      sync_registers.o
    0x08005de8   0x08005de8   0x000000b4   Code   RO         2114    i.RI_SetRegCommandParser  mcp.o
    0x08005e9c   0x08005e9c   0x000000b2   Code   RO         2030    i.RI_SetRegisterGlobal  sync_registers.o
    0x08005f4e   0x08005f4e   0x00000002   PAD
    0x08005f50   0x08005f50   0x0000046c   Code   RO         2031    i.RI_SetRegisterMotor1  sync_registers.o
    0x080063bc   0x080063bc   0x00000096   Code   RO         6816    i.RUC_Clear         revup_ctrl.o
    0x08006452   0x08006452   0x00000068   Code   RO         6817    i.RUC_Exec          revup_ctrl.o
    0x080064ba   0x080064ba   0x00000014   Code   RO         6818    i.RUC_FirstAccelerationStageReached  revup_ctrl.o
    0x080064ce   0x080064ce   0x00000050   Code   RO         6822    i.RUC_Init          revup_ctrl.o
    0x0800651e   0x0800651e   0x00000058   Code   RO         6726    i.RVBS_CalcAvVbus   r_divider_bus_voltage_sensor.o
    0x08006576   0x08006576   0x0000000c   Code   RO         6727    i.RVBS_Init         r_divider_bus_voltage_sensor.o
    0x08006582   0x08006582   0x00000006   Code   RO         6912    i.SPD_GetAvrgMecSpeedUnit  speed_pos_fdbk.o
    0x08006588   0x08006588   0x00000006   Code   RO         6916    i.SPD_GetS16Speed   speed_pos_fdbk.o
    0x0800658e   0x0800658e   0x0000005e   Code   RO         6917    i.SPD_IsMecSpeedReliable  speed_pos_fdbk.o
    0x080065ec   0x080065ec   0x00000052   Code   RO          377    i.STC_CalcTorqueReference  speed_torq_ctrl.o
    0x0800663e   0x0800663e   0x00000018   Code   RO          378    i.STC_Clear         speed_torq_ctrl.o
    0x08006656   0x08006656   0x00000082   Code   RO          379    i.STC_ExecRamp      speed_torq_ctrl.o
    0x080066d8   0x080066d8   0x00000010   Code   RO          380    i.STC_ForceSpeedReferenceToCurrentSpeed  speed_torq_ctrl.o
    0x080066e8   0x080066e8   0x00000010   Code   RO          381    i.STC_GetDefaultIqdref  speed_torq_ctrl.o
    0x080066f8   0x080066f8   0x00000006   Code   RO          383    i.STC_GetMecSpeedRefUnit  speed_torq_ctrl.o
    0x080066fe   0x080066fe   0x00000006   Code   RO          384    i.STC_GetMecSpeedRefUnitDefault  speed_torq_ctrl.o
    0x08006704   0x08006704   0x00000020   Code   RO          386    i.STC_Init          speed_torq_ctrl.o
    0x08006724   0x08006724   0x00000008   Code   RO          387    i.STC_SetControlMode  speed_torq_ctrl.o
    0x0800672c   0x0800672c   0x00000004   Code   RO          388    i.STC_SetSpeedSensor  speed_torq_ctrl.o
    0x08006730   0x08006730   0x0000000a   Code   RO         6973    i.STO_OTF_ResetPLL  sto_pll_speed_pos_fdbk.o
    0x0800673a   0x0800673a   0x0000004a   Code   RO         6975    i.STO_PLL_CalcAvrgElSpeedDpp  sto_pll_speed_pos_fdbk.o
    0x08006784   0x08006784   0x00000190   Code   RO         6976    i.STO_PLL_CalcAvrgMecSpeedUnit  sto_pll_speed_pos_fdbk.o
    0x08006914   0x08006914   0x000001c6   Code   RO         6977    i.STO_PLL_CalcElAngle  sto_pll_speed_pos_fdbk.o
    0x08006ada   0x08006ada   0x00000060   Code   RO         6978    i.STO_PLL_Clear     sto_pll_speed_pos_fdbk.o
    0x08006b3a   0x08006b3a   0x0000000a   Code   RO         6979    i.STO_PLL_ForceConvergency1  sto_pll_speed_pos_fdbk.o
    0x08006b44   0x08006b44   0x0000000a   Code   RO         6980    i.STO_PLL_ForceConvergency2  sto_pll_speed_pos_fdbk.o
    0x08006b4e   0x08006b4e   0x00000012   Code   RO         6981    i.STO_PLL_GetEstimatedBemf  sto_pll_speed_pos_fdbk.o
    0x08006b60   0x08006b60   0x00000018   Code   RO         6982    i.STO_PLL_GetEstimatedCurrent  sto_pll_speed_pos_fdbk.o
    0x08006b78   0x08006b78   0x0000000a   Code   RO         6983    i.STO_PLL_GetObserverGains  sto_pll_speed_pos_fdbk.o
    0x08006b82   0x08006b82   0x00000002   PAD
    0x08006b84   0x08006b84   0x0000005c   Code   RO         6984    i.STO_PLL_Init      sto_pll_speed_pos_fdbk.o
    0x08006be0   0x08006be0   0x000000a2   Code   RO         6986    i.STO_PLL_IsObserverConverged  sto_pll_speed_pos_fdbk.o
    0x08006c82   0x08006c82   0x00000008   Code   RO         6987    i.STO_PLL_IsVarianceTight  sto_pll_speed_pos_fdbk.o
    0x08006c8a   0x08006c8a   0x00000006   Code   RO         6988    i.STO_PLL_SetObserverGains  sto_pll_speed_pos_fdbk.o
    0x08006c90   0x08006c90   0x00000070   Code   RO         2377    i.SpeedFilter_Init  speed_filter.o
    0x08006d00   0x08006d00   0x00000174   Code   RO         2380    i.SpeedFilter_UpdateAll  speed_filter.o
    0x08006e74   0x08006e74   0x00000044   Code   RO         1870    i.SysTick_Handler   stm32_mc_common_it.o
    0x08006eb8   0x08006eb8   0x0000006a   Code   RO           20    i.SystemClock_Config  main.o
    0x08006f22   0x08006f22   0x00000002   PAD
    0x08006f24   0x08006f24   0x00000010   Code   RO         6323    i.SystemInit        system_stm32g4xx.o
    0x08006f34   0x08006f34   0x00000040   Code   RO         1930    i.TIM1_BRK_TIM15_IRQHandler  stm32g4xx_mc_it.o
    0x08006f74   0x08006f74   0x00000018   Code   RO         1931    i.TIM1_UP_TIM16_IRQHandler  stm32g4xx_mc_it.o
    0x08006f8c   0x08006f8c   0x000000dc   Code   RO         4734    i.TIM_Base_SetConfig  stm32g4xx_hal_tim.o
    0x08007068   0x08007068   0x000000b4   Code   RO         4747    i.TIM_OC1_SetConfig  stm32g4xx_hal_tim.o
    0x0800711c   0x0800711c   0x000000a8   Code   RO         4748    i.TIM_OC2_SetConfig  stm32g4xx_hal_tim.o
    0x080071c4   0x080071c4   0x000000a8   Code   RO         4749    i.TIM_OC3_SetConfig  stm32g4xx_hal_tim.o
    0x0800726c   0x0800726c   0x000000a8   Code   RO         4750    i.TIM_OC4_SetConfig  stm32g4xx_hal_tim.o
    0x08007314   0x08007314   0x00000078   Code   RO         4751    i.TIM_OC5_SetConfig  stm32g4xx_hal_tim.o
    0x0800738c   0x0800738c   0x0000007c   Code   RO         4752    i.TIM_OC6_SetConfig  stm32g4xx_hal_tim.o
    0x08007408   0x08007408   0x00000014   Code   RO          950    i.TSK_ChargeBootCapDelayHasElapsedM1  mc_tasks.o
    0x0800741c   0x0800741c   0x0000001c   Code   RO          951    i.TSK_HardwareFaultTask  mc_tasks.o
    0x08007438   0x08007438   0x0000002c   Code   RO          952    i.TSK_HighFrequencyTask  mc_tasks.o
    0x08007464   0x08007464   0x00000044   Code   RO         1064    i.TSK_MF_StopProcessing  mc_tasks_foc.o
    0x080074a8   0x080074a8   0x000002a4   Code   RO         1065    i.TSK_MediumFrequencyTaskM1  mc_tasks_foc.o
    0x0800774c   0x0800774c   0x00000018   Code   RO          953    i.TSK_SafetyTask    mc_tasks.o
    0x08007764   0x08007764   0x00000090   Code   RO          954    i.TSK_SafetyTask_PWMOFF  mc_tasks.o
    0x080077f4   0x080077f4   0x0000000c   Code   RO          955    i.TSK_SetChargeBootCapDelayM1  mc_tasks.o
    0x08007800   0x08007800   0x0000000c   Code   RO          956    i.TSK_SetStopPermanencyTimeM1  mc_tasks.o
    0x0800780c   0x0800780c   0x00000014   Code   RO          957    i.TSK_StopPermanencyTimeHasElapsedM1  mc_tasks.o
    0x08007820   0x08007820   0x00000044   Code   RO         6218    i.UARTEx_SetNbDataToProcess  stm32g4xx_hal_uart_ex.o
    0x08007864   0x08007864   0x000000c8   Code   RO         5827    i.UART_AdvFeatureConfig  stm32g4xx_hal_uart.o
    0x0800792c   0x0800792c   0x000000ac   Code   RO         5828    i.UART_CheckIdleState  stm32g4xx_hal_uart.o
    0x080079d8   0x080079d8   0x00000054   Code   RO         5839    i.UART_EndRxTransfer  stm32g4xx_hal_uart.o
    0x08007a2c   0x08007a2c   0x00000298   Code   RO         5845    i.UART_SetConfig    stm32g4xx_hal_uart.o
    0x08007cc4   0x08007cc4   0x00000094   Code   RO         5852    i.UART_WaitOnFlagUntilTimeout  stm32g4xx_hal_uart.o
    0x08007d58   0x08007d58   0x00000038   Code   RO         2156    i.UASPEP_CFG_RECEPTION  usart_aspep_driver.o
    0x08007d90   0x08007d90   0x00000034   Code   RO         2157    i.UASPEP_CFG_TRANSMISSION  usart_aspep_driver.o
    0x08007dc4   0x08007dc4   0x0000001a   Code   RO         2158    i.UASPEP_IDLE_ENABLE  usart_aspep_driver.o
    0x08007dde   0x08007dde   0x00000012   Code   RO         2159    i.UASPEP_INIT       usart_aspep_driver.o
    0x08007df0   0x08007df0   0x0000004c   Code   RO         2160    i.UASPEP_RX_INIT    usart_aspep_driver.o
    0x08007e3c   0x08007e3c   0x0000004c   Code   RO         2161    i.UASPEP_TX_INIT    usart_aspep_driver.o
    0x08007e88   0x08007e88   0x00000018   Code   RO          958    i.UI_HandleStartStopButton_cb  mc_tasks.o
    0x08007ea0   0x08007ea0   0x000000f8   Code   RO         1871    i.USART2_IRQHandler  stm32_mc_common_it.o
    0x08007f98   0x08007f98   0x0000000a   Code   RO         6360    i.VBS_GetAvBusVoltage_V  bus_voltage_sensor.o
    0x08007fa2   0x08007fa2   0x00000086   Code   RO         7098    i.VSS_CalcAvrgMecSpeedUnit  virtual_speed_sensor.o
    0x08008028   0x08008028   0x00000096   Code   RO         7099    i.VSS_CalcElAngle   virtual_speed_sensor.o
    0x080080be   0x080080be   0x0000002c   Code   RO         7100    i.VSS_Clear         virtual_speed_sensor.o
    0x080080ea   0x080080ea   0x00000008   Code   RO         7102    i.VSS_Init          virtual_speed_sensor.o
    0x080080f2   0x080080f2   0x0000007a   Code   RO         7106    i.VSS_SetMecAcceleration  virtual_speed_sensor.o
    0x0800816c   0x0800816c   0x0000001c   Code   RO         7107    i.VSS_SetStartTransition  virtual_speed_sensor.o
    0x08008188   0x08008188   0x00000006   Code   RO         7108    i.VSS_TransitionEnded  virtual_speed_sensor.o
    0x0800818e   0x0800818e   0x00000020   Code   RO         4385    i.__NVIC_SetPriority  stm32g4xx_hal_cortex.o
    0x080081ae   0x080081ae   0x00000002   PAD
    0x080081b0   0x080081b0   0x0000002a   Code   RO         6762    i.getScalingFactor  ramp_ext_mngr.o
    0x080081da   0x080081da   0x00000002   PAD
    0x080081dc   0x080081dc   0x00000068   Code   RO           21    i.main              main.o
    0x08008244   0x08008244   0x00000084   Code   RO          959    i.mc_lock_pins      mc_tasks.o
    0x080082c8   0x080082c8   0x00000064   Code   RO         2381    i.med_update        speed_filter.o
    0x0800832c   0x0800832c   0x00000094   Code   RO          476    i.startTimers       pwm_common.o
    0x080083c0   0x080083c0   0x00000038   Code   RO          477    i.waitForPolarizationEnd  pwm_common.o
    0x080083f8   0x080083f8   0x0000000a   Code   RO         7556    x$fpl$fpinit        fz_wm.l(fpinit.o)
    0x08008402   0x08008402   0x00000002   PAD
    0x08008404   0x08008404   0x00000002   Data   RO          960    .constdata          mc_tasks.o
    0x08008406   0x08008406   0x00000008   Data   RO         1872    .constdata          stm32_mc_common_it.o
    0x0800840e   0x0800840e   0x00000002   PAD
    0x08008410   0x08008410   0x00000068   Data   RO         1971    .constdata          mc_parameters.o
    0x08008478   0x08008478   0x00000010   Data   RO         2115    .constdata          mcp.o
    0x08008488   0x08008488   0x00000008   Data   RO         2162    .constdata          usart_aspep_driver.o
    0x08008490   0x08008490   0x0000000e   Data   RO         2226    .constdata          mc_configuration_registers.o
    0x0800849e   0x0800849e   0x00000011   Data   RO         2227    .constdata          mc_configuration_registers.o
    0x080084af   0x080084af   0x00000014   Data   RO         2228    .constdata          mc_configuration_registers.o
    0x080084c3   0x080084c3   0x0000000a   Data   RO         2229    .constdata          mc_configuration_registers.o
    0x080084cd   0x080084cd   0x00000010   Data   RO         2230    .constdata          mc_configuration_registers.o
    0x080084dd   0x080084dd   0x0000003c   Data   RO         2231    .constdata          mc_configuration_registers.o
    0x08008519   0x08008519   0x0000000e   Data   RO         2232    .constdata          mc_configuration_registers.o
    0x08008527   0x08008527   0x00000110   Data   RO         2272    .constdata          aspep.o
    0x08008637   0x08008637   0x00000001   PAD
    0x08008638   0x08008638   0x00000018   Data   RO         5853    .constdata          stm32g4xx_hal_uart.o
    0x08008650   0x08008650   0x00000010   Data   RO         6219    .constdata          stm32g4xx_hal_uart_ex.o
    0x08008660   0x08008660   0x00000010   Data   RO         6324    .constdata          system_stm32g4xx.o
    0x08008670   0x08008670   0x00000008   Data   RO         6325    .constdata          system_stm32g4xx.o
    0x08008678   0x08008678   0x00000014   Data   RO         7212    .constdata          r3_1_g4xx_pwm_curr_fdbk.o
    0x0800868c   0x0800868c   0x00000020   Data   RO         7614    Region$$Table       anon$$obj.o


    Execution Region RW_IRAM1 (Exec base: 0x20000000, Load base: 0x080086ac, Size: 0x00002318, Max: 0x00020000, ABSOLUTE, COMPRESSED[0x00000208])

    Exec Addr    Load Addr    Size         Type   Attr      Idx    E Section Name        Object

    0x20000000   COMPRESSED   0x00000004   Data   RW          340    .data               motorcontrol.o
    0x20000004   COMPRESSED   0x00000010   Data   RW          825    .data               mc_config.o
    0x20000014   COMPRESSED   0x0000002c   Data   RW          826    .data               mc_config.o
    0x20000040   COMPRESSED   0x0000002c   Data   RW          827    .data               mc_config.o
    0x2000006c   COMPRESSED   0x0000002c   Data   RW          828    .data               mc_config.o
    0x20000098   COMPRESSED   0x00000038   Data   RW          829    .data               mc_config.o
    0x200000d0   COMPRESSED   0x00000078   Data   RW          830    .data               mc_config.o
    0x20000148   COMPRESSED   0x000000a4   Data   RW          831    .data               mc_config.o
    0x200001ec   COMPRESSED   0x00000128   Data   RW          832    .data               mc_config.o
    0x20000314   COMPRESSED   0x00000014   Data   RW          833    .data               mc_config.o
    0x20000328   COMPRESSED   0x00000018   Data   RW          834    .data               mc_config.o
    0x20000340   COMPRESSED   0x00000004   Data   RW          835    .data               mc_config.o
    0x20000344   COMPRESSED   0x00000004   Data   RW          836    .data               mc_config.o
    0x20000348   COMPRESSED   0x00000004   Data   RW          838    .data               mc_config.o
    0x2000034c   COMPRESSED   0x00000004   Data   RW          839    .data               mc_config.o
    0x20000350   COMPRESSED   0x00000004   Data   RW          840    .data               mc_config.o
    0x20000354   COMPRESSED   0x00000028   Data   RW          841    .data               mc_config.o
    0x2000037c   COMPRESSED   0x00000004   Data   RW          842    .data               mc_config.o
    0x20000380   COMPRESSED   0x00000038   Data   RW          871    .data               mc_config_common.o
    0x200003b8   COMPRESSED   0x00000010   Data   RW          872    .data               mc_config_common.o
    0x200003c8   COMPRESSED   0x00000018   Data   RW          873    .data               mc_config_common.o
    0x200003e0   COMPRESSED   0x00000010   Data   RW          874    .data               mc_config_common.o
    0x200003f0   COMPRESSED   0x00000012   Data   RW          875    .data               mc_config_common.o
    0x20000402   COMPRESSED   0x00000002   PAD
    0x20000404   COMPRESSED   0x00000004   Data   RW          876    .data               mc_config_common.o
    0x20000408   COMPRESSED   0x00000014   Data   RW          909    .data               mcp_config.o
    0x2000041c   COMPRESSED   0x00000074   Data   RW          910    .data               mcp_config.o
    0x20000490   COMPRESSED   0x00000010   Data   RW          911    .data               mcp_config.o
    0x200004a0   COMPRESSED   0x0000002c   Data   RW          912    .data               mcp_config.o
    0x200004cc   COMPRESSED   0x00000008   Data   RW          913    .data               mcp_config.o
    0x200004d4   COMPRESSED   0x00000008   Data   RW          961    .data               mc_tasks.o
    0x200004dc   COMPRESSED   0x00000017   Data   RW         1066    .data               mc_tasks_foc.o
    0x200004f3   COMPRESSED   0x00000002   Data   RW         1398    .data               regular_conversion_manager.o
    0x200004f5   COMPRESSED   0x00000001   Data   RW         1873    .data               stm32_mc_common_it.o
    0x200004f6   COMPRESSED   0x00000010   Data   RW         1972    .data               mc_parameters.o
    0x20000506   COMPRESSED   0x00000002   Data   RW         1995    .data               hf_registers.o
    0x20000508   COMPRESSED   0x00000004   Data   RW         2233    .data               mc_configuration_registers.o
    0x2000050c   COMPRESSED   0x00000004   Data   RW         2234    .data               mc_configuration_registers.o
    0x20000510   COMPRESSED   0x00000004   Data   RW         2235    .data               mc_configuration_registers.o
    0x20000514   COMPRESSED   0x00000004   Data   RW         2236    .data               mc_configuration_registers.o
    0x20000518   COMPRESSED   0x00000020   Data   RW         2383    .data               speed_filter.o
    0x20000538   COMPRESSED   0x00000004   Data   RW         2473    .data               stm32g4xx_hal_msp.o
    0x2000053c   COMPRESSED   0x0000000c   Data   RW         3029    .data               stm32g4xx_hal.o
    0x20000548   COMPRESSED   0x00000004   Data   RW         6326    .data               system_stm32g4xx.o
    0x2000054c   COMPRESSED   0x00000004   Data   RW         7391    .data               mcpa.o
    0x20000550        -       0x000001e0   Zero   RW           22    .bss                main.o
    0x20000730        -       0x00000060   Zero   RW           23    .bss                main.o
    0x20000790        -       0x00000060   Zero   RW           24    .bss                main.o
    0x200007f0        -       0x00000022   Zero   RW          824    .bss                mc_config.o
    0x20000812   COMPRESSED   0x00000002   PAD
    0x20000814        -       0x00000106   Zero   RW          901    .bss                mcp_config.o
    0x2000091a   COMPRESSED   0x00000002   PAD
    0x2000091c        -       0x00000102   Zero   RW          902    .bss                mcp_config.o
    0x20000a1e   COMPRESSED   0x00000002   PAD
    0x20000a20        -       0x00000806   Zero   RW          903    .bss                mcp_config.o
    0x20001226   COMPRESSED   0x00000002   PAD
    0x20001228        -       0x00000806   Zero   RW          904    .bss                mcp_config.o
    0x20001a2e   COMPRESSED   0x00000002   PAD
    0x20001a30        -       0x00000028   Zero   RW          905    .bss                mcp_config.o
    0x20001a58        -       0x00000028   Zero   RW          906    .bss                mcp_config.o
    0x20001a80        -       0x0000000a   Zero   RW          907    .bss                mcp_config.o
    0x20001a8a        -       0x0000000a   Zero   RW          908    .bss                mcp_config.o
    0x20001a94        -       0x00000010   Zero   RW         1397    .bss                regular_conversion_manager.o
    0x20001aa4        -       0x0000020e   Zero   RW         2382    .bss                speed_filter.o
    0x20001cb2   COMPRESSED   0x00000002   PAD
    0x20001cb4        -       0x00000060   Zero   RW         7486    .bss                c_w.l(libspace.o)
    0x20001d14   COMPRESSED   0x00000004   PAD
    0x20001d18        -       0x00000200   Zero   RW            2    HEAP                startup_stm32g474xx.o
    0x20001f18        -       0x00000400   Zero   RW            1    STACK               startup_stm32g474xx.o


==============================================================================

Image component sizes


      Code (inc. data)   RO Data    RW Data    ZI Data      Debug   Object Name

      1252         12        272          0          0       9543   aspep.o
        10          0          0          0          0        656   bus_voltage_sensor.o
        88          0          0          0          0       1648   circle_limitation.o
         0          0          0          0          0       4224   digital_output.o
       350         36          0          2          0       2014   hf_registers.o
      1232         80          0          0        672     966335   main.o
        40         12          0          0          0       4733   mc_api.o
         4          0          0          0          0        950   mc_app_hooks.o
         0          0          0        892         34       1552   mc_config.o
         0          0          0        134          0        850   mc_config_common.o
         0          0        151         16          0       3623   mc_configuration_registers.o
       478          0          0          0          0      20274   mc_interface.o
       308         22          0          0          0       9383   mc_math.o
         0          0        104         16          0        271   mc_parameters.o
       702        128          2          8          0      12507   mc_tasks.o
      1498        202          0         23          0      14844   mc_tasks_foc.o
       604         30         16          0          0       4147   mcp.o
         0          0          0        204       4728       4544   mcp_config.o
       598          4          0          4          0       4304   mcpa.o
        52          8          0          4          0       1066   motorcontrol.o
       134          0          0          0          0       2774   ntc_temperature_sensor.o
       254          4          0          0          0      11389   pid_regulator.o
        90          0          0          0          0       1942   pqd_motor_power_measurement.o
       204         20          0          0          0     126495   pwm_common.o
       698          0          0          0          0       5778   pwm_curr_fdbk.o
      3640        138         20          0          0     186533   r3_1_g4xx_pwm_curr_fdbk.o
       100          0          0          0          0       2170   r_divider_bus_voltage_sensor.o
       248          0          0          0          0       4504   ramp_ext_mngr.o
       436         44          0          2         16      72815   regular_conversion_manager.o
       354          0          0          0          0       5802   revup_ctrl.o
       584         48          0         32        526       4374   speed_filter.o
       106          0          0          0          0       2849   speed_pos_fdbk.o
       324          0          0          0          0       6794   speed_torq_ctrl.o
        64         26        472          0       1536        848   startup_stm32g474xx.o
       364         36          8          1          0      47809   stm32_mc_common_it.o
       140         24          0         12          0       3733   stm32g4xx_hal.o
      1762        116          0          0          0      74599   stm32g4xx_hal_adc.o
      1798         94          0          0          0      74613   stm32g4xx_hal_adc_ex.o
        52          0          0          0          0       1138   stm32g4xx_hal_cordic.o
       244         24          0          0          0      35610   stm32g4xx_hal_cortex.o
       308         30          0          0          0       2511   stm32g4xx_hal_dma.o
       574         32          0          0          0       2324   stm32g4xx_hal_gpio.o
       752         76          0          4          0       4996   stm32g4xx_hal_msp.o
       204         18          0          0          0       1417   stm32g4xx_hal_pwr_ex.o
      1716        102          0          0          0       7360   stm32g4xx_hal_rcc.o
       768         10          0          0          0       1992   stm32g4xx_hal_rcc_ex.o
      1538        208          0          0          0       8390   stm32g4xx_hal_tim.o
       586         48          0          0          0       3693   stm32g4xx_hal_tim_ex.o
      1374         76         24          0          0      25142   stm32g4xx_hal_uart.o
       282          6         16          0          0       3701   stm32g4xx_hal_uart_ex.o
       100         20          0          0          0     119903   stm32g4xx_mc_it.o
      1374          8          0          0          0      13727   sto_pll_speed_pos_fdbk.o
      2990        124          0          0          0      19315   sync_registers.o
        16          4         24          4          0       1119   system_stm32g4xx.o
       348         36          8          0          0      44338   usart_aspep_driver.o
       492          0          0          0          0       6016   virtual_speed_sensor.o

    ----------------------------------------------------------------------
     32274       1906       1152       1360       7524    2005981   Object Totals
         0          0         32          0          0          0   (incl. Generated)
        40          0          3          2         12          0   (incl. Padding)

    ----------------------------------------------------------------------

      Code (inc. data)   RO Data    RW Data    ZI Data      Debug   Library Member Name

        90          0          0          0          0          0   __dczerorl2.o
         8          0          0          0          0         68   __main.o
         0          0          0          0          0          0   __rtentry.o
        12          0          0          0          0          0   __rtentry2.o
         6          0          0          0          0          0   __rtentry4.o
        52          8          0          0          0          0   __scatter.o
        28          0          0          0          0          0   __scatter_zi.o
        18          0          0          0          0         80   exit.o
         6          0          0          0          0        152   heapauxi.o
         0          0          0          0          0          0   indicate_semi.o
         2          0          0          0          0          0   libinit.o
         6          0          0          0          0          0   libinit2.o
         2          0          0          0          0          0   libshutdown.o
         2          0          0          0          0          0   libshutdown2.o
         8          4          0          0         96         68   libspace.o
        72          0          0          0          0         76   llsdiv.o
       238          0          0          0          0        100   lludivv7m.o
        68          0          0          0          0         68   rt_memclr.o
        78          0          0          0          0         80   rt_memclr_w.o
       138          0          0          0          0         68   rt_memcpy_v6.o
       100          0          0          0          0         80   rt_memcpy_w.o
         2          0          0          0          0          0   rtexit.o
        10          0          0          0          0          0   rtexit2.o
        12          4          0          0          0         68   sys_exit.o
        74          0          0          0          0         80   sys_stackheap_outer.o
         2          0          0          0          0         68   use_no_semi.o
        10          0          0          0          0        116   fpinit.o

    ----------------------------------------------------------------------
      1050         16          0          0        100       1172   Library Totals
         6          0          0          0          4          0   (incl. Padding)

    ----------------------------------------------------------------------

      Code (inc. data)   RO Data    RW Data    ZI Data      Debug   Library Name

      1034         16          0          0         96       1056   c_w.l
        10          0          0          0          0        116   fz_wm.l

    ----------------------------------------------------------------------
      1050         16          0          0        100       1172   Library Totals

    ----------------------------------------------------------------------

==============================================================================


      Code (inc. data)   RO Data    RW Data    ZI Data      Debug   

     33324       1922       1152       1360       7624    1977985   Grand Totals
     33324       1922       1152        520       7624    1977985   ELF Image Totals (compressed)
     33324       1922       1152        520          0          0   ROM Totals

==============================================================================

    Total RO  Size (Code + RO Data)                34476 (  33.67kB)
    Total RW  Size (RW Data + ZI Data)              8984 (   8.77kB)
    Total ROM Size (Code + RO Data + RW Data)      34996 (  34.18kB)

==============================================================================

